pythia       EleutherAI/pythia-70m                                   0.33 GB/ckpt  branches= 154  cached=False
pythia       EleutherAI/pythia-70m-deduped                           0.33 GB/ckpt  branches= 154  cached=False
pythia       EleutherAI/pythia-160m                                  0.75 GB/ckpt  branches= 154  cached=False
pythia       EleutherAI/pythia-160m-deduped                          0.75 GB/ckpt  branches= 154  cached=False
pythia       EleutherAI/pythia-410m                                  1.82 GB/ckpt  branches= 154  cached=False
pythia       EleutherAI/pythia-410m-deduped                          1.82 GB/ckpt  branches= 154  cached=False
pythia       EleutherAI/pythia-1b                                    4.18 GB/ckpt  branches= 154  cached=False
pythia       EleutherAI/pythia-1b-deduped                            4.18 GB/ckpt  branches= 154  cached=False
pythia       EleutherAI/pythia-1.4b                                  5.86 GB/ckpt  branches= 154  cached=False
pythia       EleutherAI/pythia-1.4b-deduped                          8.59 GB/ckpt  branches= 154  cached=False
pythia       EleutherAI/pythia-2.8b                                 11.37 GB/ckpt  branches= 154  cached=False
pythia       EleutherAI/pythia-2.8b-deduped                         11.37 GB/ckpt  branches= 154  cached=False
pythia       EleutherAI/pythia-6.9b                                 27.70 GB/ckpt  branches= 154  cached=False
pythia       EleutherAI/pythia-6.9b-deduped                         13.85 GB/ckpt  branches= 154  cached=False
pythia       EleutherAI/pythia-12b                                  47.69 GB/ckpt  branches= 154  cached=False
pythia       EleutherAI/pythia-12b-deduped                          23.84 GB/ckpt  branches= 154  cached=False
polypythia   EleutherAI/pythia-14m-seed1                             0.05 GB/ckpt  branches= 154  cached=False
polypythia   EleutherAI/pythia-14m-seed2                             0.05 GB/ckpt  branches= 154  cached=False
polypythia   EleutherAI/pythia-14m-seed3                             0.05 GB/ckpt  branches= 154  cached=False
polypythia   EleutherAI/pythia-14m-seed4                             0.05 GB/ckpt  branches= 154  cached=False
polypythia   EleutherAI/pythia-14m-seed5                             0.05 GB/ckpt  branches= 154  cached=False
polypythia   EleutherAI/pythia-14m-seed6                             0.05 GB/ckpt  branches= 154  cached=False
polypythia   EleutherAI/pythia-14m-seed7                             0.05 GB/ckpt  branches= 154  cached=False
polypythia   EleutherAI/pythia-14m-seed8                             0.05 GB/ckpt  branches= 154  cached=False
polypythia   EleutherAI/pythia-14m-seed9                             0.05 GB/ckpt  branches= 154  cached=False
polypythia   EleutherAI/pythia-31m-seed1                             0.09 GB/ckpt  branches= 154  cached=False
polypythia   EleutherAI/pythia-31m-seed2                             0.09 GB/ckpt  branches= 154  cached=False
polypythia   EleutherAI/pythia-31m-seed3                             0.09 GB/ckpt  branches= 154  cached=False
polypythia   EleutherAI/pythia-31m-seed4                             0.09 GB/ckpt  branches= 154  cached=False
polypythia   EleutherAI/pythia-31m-seed5                             0.09 GB/ckpt  branches= 154  cached=False
polypythia   EleutherAI/pythia-31m-seed6                             0.09 GB/ckpt  branches= 154  cached=False
polypythia   EleutherAI/pythia-31m-seed7                             0.09 GB/ckpt  branches= 154  cached=False
polypythia   EleutherAI/pythia-31m-seed8                             0.09 GB/ckpt  branches= 154  cached=False
polypythia   EleutherAI/pythia-31m-seed9                             0.09 GB/ckpt  branches= 154  cached=False
polypythia   EleutherAI/pythia-70m-seed1                             0.17 GB/ckpt  branches= 154  cached=False
polypythia   EleutherAI/pythia-70m-seed2                             0.17 GB/ckpt  branches= 154  cached=False
polypythia   EleutherAI/pythia-70m-seed3                             0.17 GB/ckpt  branches= 154  cached=False
polypythia   EleutherAI/pythia-70m-seed4                             0.17 GB/ckpt  branches= 154  cached=False
polypythia   EleutherAI/pythia-70m-seed5                             0.17 GB/ckpt  branches= 154  cached=False
polypythia   EleutherAI/pythia-70m-seed6                             0.17 GB/ckpt  branches= 154  cached=False
polypythia   EleutherAI/pythia-70m-seed7                             0.17 GB/ckpt  branches= 154  cached=False
polypythia   EleutherAI/pythia-70m-seed8                             0.17 GB/ckpt  branches= 154  cached=False
polypythia   EleutherAI/pythia-70m-seed9                             0.17 GB/ckpt  branches= 154  cached=False
polypythia   EleutherAI/pythia-160m-seed1                            0.75 GB/ckpt  branches= 154  cached=False
polypythia   EleutherAI/pythia-160m-seed2                            0.75 GB/ckpt  branches= 154  cached=False
polypythia   EleutherAI/pythia-160m-seed3                            0.75 GB/ckpt  branches= 154  cached=False
polypythia   EleutherAI/pythia-160m-seed4                            0.38 GB/ckpt  branches= 154  cached=False
polypythia   EleutherAI/pythia-160m-seed5                            0.38 GB/ckpt  branches= 154  cached=False
polypythia   EleutherAI/pythia-160m-seed6                            0.38 GB/ckpt  branches= 155  cached=False
polypythia   EleutherAI/pythia-160m-seed7                            0.38 GB/ckpt  branches= 154  cached=False
polypythia   EleutherAI/pythia-160m-seed8                            0.38 GB/ckpt  branches= 154  cached=False
polypythia   EleutherAI/pythia-160m-seed9                            0.38 GB/ckpt  branches= 154  cached=False
polypythia   EleutherAI/pythia-410m-seed1                            0.91 GB/ckpt  branches= 154  cached=False
polypythia   EleutherAI/pythia-410m-seed2                            0.91 GB/ckpt  branches= 154  cached=False
polypythia   EleutherAI/pythia-410m-seed3                            0.91 GB/ckpt  branches= 154  cached=False
polypythia   EleutherAI/pythia-410m-seed4                            0.91 GB/ckpt  branches= 154  cached=False
polypythia   EleutherAI/pythia-410m-seed5                            0.91 GB/ckpt  branches= 154  cached=False
polypythia   EleutherAI/pythia-410m-seed6                            0.91 GB/ckpt  branches= 154  cached=False
polypythia   EleutherAI/pythia-410m-seed7                            0.91 GB/ckpt  branches= 154  cached=False
polypythia   EleutherAI/pythia-410m-seed8                            0.91 GB/ckpt  branches= 154  cached=False
polypythia   EleutherAI/pythia-410m-seed9                            0.91 GB/ckpt  branches= 154  cached=False
parc         jmichaelov/parc-pythia-seed0                            0.65 GB/ckpt  branches=  73  cached=False
parc         jmichaelov/parc-pythia-seed1                            0.65 GB/ckpt  branches=  73  cached=False
parc         jmichaelov/parc-pythia-seed2                            0.65 GB/ckpt  branches=  73  cached=False
parc         jmichaelov/parc-pythia-seed3                            0.65 GB/ckpt  branches=  73  cached=False
parc         jmichaelov/parc-pythia-seed4                            0.65 GB/ckpt  branches=  73  cached=False
parc         jmichaelov/parc-pythia-seed5                            0.65 GB/ckpt  branches=  73  cached=False
parc         jmichaelov/parc-mamba-seed0                             0.52 GB/ckpt  branches=  73  cached=False
parc         jmichaelov/parc-mamba-seed1                             0.52 GB/ckpt  branches=  73  cached=False
parc         jmichaelov/parc-mamba-seed2                             0.52 GB/ckpt  branches=  73  cached=False
parc         jmichaelov/parc-mamba-seed3                             0.52 GB/ckpt  branches=  73  cached=False
parc         jmichaelov/parc-mamba-seed4                             0.52 GB/ckpt  branches=  73  cached=False
parc         jmichaelov/parc-mamba-seed5                             0.52 GB/ckpt  branches=  73  cached=False
parc         jmichaelov/parc-rwkv-seed0                              0.68 GB/ckpt  branches=  73  cached=False
parc         jmichaelov/parc-rwkv-seed1                              0.68 GB/ckpt  branches=  73  cached=False
parc         jmichaelov/parc-rwkv-seed2                              0.68 GB/ckpt  branches=  73  cached=False
parc         jmichaelov/parc-rwkv-seed3                              0.68 GB/ckpt  branches=  73  cached=False
parc         jmichaelov/parc-rwkv-seed4                              0.68 GB/ckpt  branches=  73  cached=False
parc         jmichaelov/parc-rwkv-seed5                              0.68 GB/ckpt  branches=  73  cached=False
zoo_other    BrainAlign/gpt2-babylm-3                                0.27 GB/ckpt  branches=   9  cached=False
zoo_other    BrainAlign/gpt2-babylm-5                                0.27 GB/ckpt  branches=   9  cached=False
zoo_other    BrainAlign/gpt2-babylm-7                                0.27 GB/ckpt  branches=   9  cached=False
zoo_other    BrainAlign/gpt2-babylm-9                                0.27 GB/ckpt  branches=   9  cached=False
zoo_other    pico-lm/pico-decoder-tiny                               0.05 GB/ckpt  branches=   0  cached=False
zoo_other    pico-lm/pico-decoder-small                              0.26 GB/ckpt  branches=   0  cached=False
zoo_other    pico-lm/pico-decoder-medium                             0.72 GB/ckpt  branches=   0  cached=False
zoo_other    pico-lm/pico-decoder-large                              2.28 GB/ckpt  branches=   0  cached=False
zoo_other    Beetle-HumanScale/beetle-monolingual-humanscale-eng     0.78 GB/ckpt  branches=  35  cached=True
zoo_other    Beetle-FineWeb3-24B/beetle-monolingual-fineweb3-eng     0.78 GB/ckpt  branches=  19  cached=False

--- totals (one final checkpoint each) ---
pythia       n= 16  sum=   164.4 GB
polypythia   n= 45  sum=    15.4 GB
parc         n= 18  sum=    11.1 GB
zoo_other    n= 10  sum=     5.9 GB

locally cached repos matching the list: ['Beetle-HumanScale/beetle-monolingual-humanscale-eng']
