==============================================================================
PYTHIA SUITE (EleutherAI/pythia-*)
==============================================================================
  EleutherAI/PE-pythia-12b
  EleutherAI/Pythia-160m-SAE-k128-32k
  EleutherAI/Pythia-160m-SAE-k128-768
  EleutherAI/Pythia-160m-SAE-k32-768
  EleutherAI/Pythia-160m-SAE-k64-131k
  EleutherAI/Pythia-160m-SAE-k64-32k
  EleutherAI/Pythia-160m-SAE-k64-4k
  EleutherAI/Pythia-160m-SAE-k64-65k
  EleutherAI/Pythia-160m-SAE-k64-768
  EleutherAI/Pythia-160m-SST-k128-131k
  EleutherAI/Pythia-160m-SST-k128-32k
  EleutherAI/Pythia-160m-SST-k32-131k
  EleutherAI/Pythia-160m-SST-k32-32k
  EleutherAI/Pythia-160m-SST-k32-65k
  EleutherAI/Pythia-160m-SST-k32-768
  EleutherAI/Pythia-160m-SST-k64-32k
  EleutherAI/Pythia-160m-SST-k64-4k
  EleutherAI/Pythia-160m-SST-k64-65k
  EleutherAI/Pythia-160m-ST-k128-131k
  EleutherAI/Pythia-160m-ST-k128-32k
  EleutherAI/Pythia-160m-ST-k128-4k
  EleutherAI/Pythia-160m-ST-k32-131k
  EleutherAI/Pythia-160m-ST-k32-4k
  EleutherAI/Pythia-160m-ST-k32-768
  EleutherAI/Pythia-160m-ST-k64-131k
  EleutherAI/Pythia-160m-ST-k64-4k
  EleutherAI/Pythia-160m-ST-k64-65k
  EleutherAI/Pythia-160m-ST-k64-768
  EleutherAI/annealing_filtered_gdiff_v1_interleaved_1_in_41_pythia_lr_gclip-0.5
  EleutherAI/annealing_filtered_gdiff_v1_interleaved_1_in_41_pythia_lr_gclip-1.0
  EleutherAI/annealing_filtered_gdiff_v1_interleaved_1_in_50_pythia_lr_gclip-0.5
  EleutherAI/annealing_filtered_gdiff_v1_interleaved_1_in_50_pythia_lr_gclip-0.5_deep_fry_retain
  EleutherAI/deep_aversion_annealing_filtered_gdiff_v1_interleaved_1_in_50_pythia_lr_gclip-0.5
  EleutherAI/neox-ckpt-annealing_filtered_gdiff_v1_inte___pythia_lr_gclip-0.5_deep_fry_retain
  EleutherAI/neox-ckpt-annealing_filtered_gdiff_v1_interleaved_1_in_41_pythia_lr_gclip-0.5
  EleutherAI/neox-ckpt-annealing_filtered_gdiff_v1_interleaved_1_in_50_pythia_lr_gclip-0.5
  EleutherAI/neox-ckpt-deep_aversion_annealing_filtered___rleaved_1_in_50_pythia_lr_gclip-0.5
  EleutherAI/neox-ckpt-pythia-1.4b
  EleutherAI/neox-ckpt-pythia-1.4b-deduped
  EleutherAI/neox-ckpt-pythia-1.4b-deduped-v1
  EleutherAI/neox-ckpt-pythia-1.4b-v1
  EleutherAI/neox-ckpt-pythia-12b
  EleutherAI/neox-ckpt-pythia-12b-deduped
  EleutherAI/neox-ckpt-pythia-12b-deduped-v1
  EleutherAI/neox-ckpt-pythia-12b-v1
  EleutherAI/neox-ckpt-pythia-13b
  EleutherAI/neox-ckpt-pythia-14m-seed0
  EleutherAI/neox-ckpt-pythia-14m-seed1
  EleutherAI/neox-ckpt-pythia-14m-seed10
  EleutherAI/neox-ckpt-pythia-14m-seed11
  EleutherAI/neox-ckpt-pythia-14m-seed12
  EleutherAI/neox-ckpt-pythia-14m-seed13
  EleutherAI/neox-ckpt-pythia-14m-seed2
  EleutherAI/neox-ckpt-pythia-14m-seed3
  EleutherAI/neox-ckpt-pythia-14m-seed4
  EleutherAI/neox-ckpt-pythia-14m-seed5
  EleutherAI/neox-ckpt-pythia-14m-seed6
  EleutherAI/neox-ckpt-pythia-14m-seed7
  EleutherAI/neox-ckpt-pythia-14m-seed8
  EleutherAI/neox-ckpt-pythia-14m-seed9
  EleutherAI/neox-ckpt-pythia-160m
  EleutherAI/neox-ckpt-pythia-160m-deduped
  EleutherAI/neox-ckpt-pythia-160m-deduped-v0
  EleutherAI/neox-ckpt-pythia-160m-deduped-v1
  EleutherAI/neox-ckpt-pythia-160m-seed0
  EleutherAI/neox-ckpt-pythia-160m-seed1
  EleutherAI/neox-ckpt-pythia-160m-seed2
  EleutherAI/neox-ckpt-pythia-160m-seed3
  EleutherAI/neox-ckpt-pythia-160m-seed4
  EleutherAI/neox-ckpt-pythia-160m-seed5
  EleutherAI/neox-ckpt-pythia-160m-seed6
  EleutherAI/neox-ckpt-pythia-160m-seed7
  EleutherAI/neox-ckpt-pythia-160m-seed8
  EleutherAI/neox-ckpt-pythia-160m-seed9
  EleutherAI/neox-ckpt-pythia-160m-v1
  EleutherAI/neox-ckpt-pythia-1b
  EleutherAI/neox-ckpt-pythia-1b-deduped
  EleutherAI/neox-ckpt-pythia-1b-deduped-v0
  EleutherAI/neox-ckpt-pythia-1b-deduped-v1
  EleutherAI/neox-ckpt-pythia-1b-v1
  EleutherAI/neox-ckpt-pythia-2.8b
  EleutherAI/neox-ckpt-pythia-2.8b-deduped
  EleutherAI/neox-ckpt-pythia-2.8b-deduped-v1
  EleutherAI/neox-ckpt-pythia-2.8b-v1
  EleutherAI/neox-ckpt-pythia-31m-seed0
  EleutherAI/neox-ckpt-pythia-31m-seed1
  EleutherAI/neox-ckpt-pythia-31m-seed2
  EleutherAI/neox-ckpt-pythia-31m-seed3
  EleutherAI/neox-ckpt-pythia-31m-seed4
  EleutherAI/neox-ckpt-pythia-31m-seed5
  EleutherAI/neox-ckpt-pythia-31m-seed6
  EleutherAI/neox-ckpt-pythia-31m-seed7
  EleutherAI/neox-ckpt-pythia-31m-seed8
  EleutherAI/neox-ckpt-pythia-31m-seed9
  EleutherAI/neox-ckpt-pythia-410m
  EleutherAI/neox-ckpt-pythia-410m-deduped
  EleutherAI/neox-ckpt-pythia-410m-deduped-v1
  EleutherAI/neox-ckpt-pythia-410m-seed0
  EleutherAI/neox-ckpt-pythia-410m-seed1
  EleutherAI/neox-ckpt-pythia-410m-seed2
  EleutherAI/neox-ckpt-pythia-410m-seed3
  EleutherAI/neox-ckpt-pythia-410m-seed4
  EleutherAI/neox-ckpt-pythia-410m-seed5
  EleutherAI/neox-ckpt-pythia-410m-seed6
  EleutherAI/neox-ckpt-pythia-410m-seed7
  EleutherAI/neox-ckpt-pythia-410m-seed8
  EleutherAI/neox-ckpt-pythia-410m-seed9
  EleutherAI/neox-ckpt-pythia-410m-v1
  EleutherAI/neox-ckpt-pythia-6.9b
  EleutherAI/neox-ckpt-pythia-6.9b-deduped
  EleutherAI/neox-ckpt-pythia-6.9b-deduped-v1
  EleutherAI/neox-ckpt-pythia-6.9b-v1
  EleutherAI/neox-ckpt-pythia-70m
  EleutherAI/neox-ckpt-pythia-70m-deduped
  EleutherAI/neox-ckpt-pythia-70m-deduped-v0
  EleutherAI/neox-ckpt-pythia-70m-deduped-v1
  EleutherAI/neox-ckpt-pythia-70m-seed0
  EleutherAI/neox-ckpt-pythia-70m-seed1
  EleutherAI/neox-ckpt-pythia-70m-seed2
  EleutherAI/neox-ckpt-pythia-70m-seed3
  EleutherAI/neox-ckpt-pythia-70m-seed4
  EleutherAI/neox-ckpt-pythia-70m-seed5
  EleutherAI/neox-ckpt-pythia-70m-seed6
  EleutherAI/neox-ckpt-pythia-70m-seed7
  EleutherAI/neox-ckpt-pythia-70m-seed8
  EleutherAI/neox-ckpt-pythia-70m-seed9
  EleutherAI/neox-ckpt-pythia-70m-v1
  EleutherAI/pile-standard-pythia-resharded
  EleutherAI/pythia-1.4b
  EleutherAI/pythia-1.4b-addition-first
  EleutherAI/pythia-1.4b-addition-first-ft
  EleutherAI/pythia-1.4b-addition_increment0
  EleutherAI/pythia-1.4b-authors
  EleutherAI/pythia-1.4b-authors-first
  EleutherAI/pythia-1.4b-authors-first-ft
  EleutherAI/pythia-1.4b-capitals
  EleutherAI/pythia-1.4b-capitals-first
  EleutherAI/pythia-1.4b-capitals-first-ft
  EleutherAI/pythia-1.4b-deduped
  EleutherAI/pythia-1.4b-deduped-v0
  EleutherAI/pythia-1.4b-hemisphere
  EleutherAI/pythia-1.4b-hemisphere-first
  EleutherAI/pythia-1.4b-hemisphere-first-ft
  EleutherAI/pythia-1.4b-modularaddition-first
  EleutherAI/pythia-1.4b-modularaddition-first-ft
  EleutherAI/pythia-1.4b-modularaddition_increment0
  EleutherAI/pythia-1.4b-multiplication-first
  EleutherAI/pythia-1.4b-multiplication-first-ft
  EleutherAI/pythia-1.4b-multiplication_increment0
  EleutherAI/pythia-1.4b-nli
  EleutherAI/pythia-1.4b-nli-first
  EleutherAI/pythia-1.4b-nli-first-ft
  EleutherAI/pythia-1.4b-population
  EleutherAI/pythia-1.4b-population-first
  EleutherAI/pythia-1.4b-population-first-ft
  EleutherAI/pythia-1.4b-sciq
  EleutherAI/pythia-1.4b-sciq-first
  EleutherAI/pythia-1.4b-sciq-first-ft
  EleutherAI/pythia-1.4b-sentiment
  EleutherAI/pythia-1.4b-sentiment-first
  EleutherAI/pythia-1.4b-sentiment-first-ft
  EleutherAI/pythia-1.4b-squaring-first
  EleutherAI/pythia-1.4b-squaring-first-ft
  EleutherAI/pythia-1.4b-squaring_increment0
  EleutherAI/pythia-1.4b-subtraction-first
  EleutherAI/pythia-1.4b-subtraction-first-ft
  EleutherAI/pythia-1.4b-subtraction_increment0
  EleutherAI/pythia-1.4b-v0
  EleutherAI/pythia-12b
  EleutherAI/pythia-12b-addition-first
  EleutherAI/pythia-12b-addition_increment0
  EleutherAI/pythia-12b-authors
  EleutherAI/pythia-12b-authors-first
  EleutherAI/pythia-12b-capitals
  EleutherAI/pythia-12b-capitals-first
  EleutherAI/pythia-12b-deduped
  EleutherAI/pythia-12b-deduped-v0
  EleutherAI/pythia-12b-hemisphere
  EleutherAI/pythia-12b-hemisphere-first
  EleutherAI/pythia-12b-modularaddition-first
  EleutherAI/pythia-12b-modularaddition_increment0
  EleutherAI/pythia-12b-multiplication-first
  EleutherAI/pythia-12b-multiplication_increment0
  EleutherAI/pythia-12b-nli
  EleutherAI/pythia-12b-nli-first
  EleutherAI/pythia-12b-nli-first-ft
  EleutherAI/pythia-12b-population
  EleutherAI/pythia-12b-population-first
  EleutherAI/pythia-12b-sciq
  EleutherAI/pythia-12b-sciq-first
  EleutherAI/pythia-12b-sentiment
  EleutherAI/pythia-12b-sentiment-first
  EleutherAI/pythia-12b-sentiment-first-ft
  EleutherAI/pythia-12b-squaring-first
  EleutherAI/pythia-12b-squaring_increment0
  EleutherAI/pythia-12b-subtraction-first
  EleutherAI/pythia-12b-subtraction_increment0
  EleutherAI/pythia-12b-v0
  EleutherAI/pythia-14m
  EleutherAI/pythia-14m-deduped
  EleutherAI/pythia-14m-seed1
  EleutherAI/pythia-14m-seed2
  EleutherAI/pythia-14m-seed3
  EleutherAI/pythia-14m-seed4
  EleutherAI/pythia-14m-seed5
  EleutherAI/pythia-14m-seed6
  EleutherAI/pythia-14m-seed7
  EleutherAI/pythia-14m-seed8
  EleutherAI/pythia-14m-seed9
  EleutherAI/pythia-14m-warmup01
  EleutherAI/pythia-160m
  EleutherAI/pythia-160m-alldropout
  EleutherAI/pythia-160m-attndropout
  EleutherAI/pythia-160m-data-seed1
  EleutherAI/pythia-160m-data-seed2
  EleutherAI/pythia-160m-data-seed3
  EleutherAI/pythia-160m-deduped
  EleutherAI/pythia-160m-deduped-v0
  EleutherAI/pythia-160m-hiddendropout
  EleutherAI/pythia-160m-seed1
  EleutherAI/pythia-160m-seed2
  EleutherAI/pythia-160m-seed3
  EleutherAI/pythia-160m-seed4
  EleutherAI/pythia-160m-seed5
  EleutherAI/pythia-160m-seed6
  EleutherAI/pythia-160m-seed7
  EleutherAI/pythia-160m-seed8
  EleutherAI/pythia-160m-seed9
  EleutherAI/pythia-160m-v0
  EleutherAI/pythia-160m-weight-seed1
  EleutherAI/pythia-160m-weight-seed2
  EleutherAI/pythia-160m-weight-seed3
  EleutherAI/pythia-1b
  EleutherAI/pythia-1b-addition-first
  EleutherAI/pythia-1b-addition-first-ft
  EleutherAI/pythia-1b-addition_increment0
  EleutherAI/pythia-1b-authors
  EleutherAI/pythia-1b-authors-first
  EleutherAI/pythia-1b-authors-first-ft
  EleutherAI/pythia-1b-capitals
  EleutherAI/pythia-1b-capitals-first
  EleutherAI/pythia-1b-capitals-first-ft
  EleutherAI/pythia-1b-deduped
  EleutherAI/pythia-1b-deduped-v0
  EleutherAI/pythia-1b-hemisphere
  EleutherAI/pythia-1b-hemisphere-first
  EleutherAI/pythia-1b-hemisphere-first-ft
  EleutherAI/pythia-1b-modularaddition-first
  EleutherAI/pythia-1b-modularaddition-first-ft
  EleutherAI/pythia-1b-modularaddition_increment0
  EleutherAI/pythia-1b-multiplication-first
  EleutherAI/pythia-1b-multiplication-first-ft
  EleutherAI/pythia-1b-multiplication_increment0
  EleutherAI/pythia-1b-nli
  EleutherAI/pythia-1b-nli-first
  EleutherAI/pythia-1b-nli-first-ft
  EleutherAI/pythia-1b-population
  EleutherAI/pythia-1b-population-first
  EleutherAI/pythia-1b-population-first-ft
  EleutherAI/pythia-1b-sciq
  EleutherAI/pythia-1b-sciq-first
  EleutherAI/pythia-1b-sciq-first-ft
  EleutherAI/pythia-1b-sentiment
  EleutherAI/pythia-1b-sentiment-first
  EleutherAI/pythia-1b-sentiment-first-ft
  EleutherAI/pythia-1b-squaring-first
  EleutherAI/pythia-1b-squaring-first-ft
  EleutherAI/pythia-1b-squaring_increment0
  EleutherAI/pythia-1b-subtraction-first
  EleutherAI/pythia-1b-subtraction-first-ft
  EleutherAI/pythia-1b-subtraction_increment0
  EleutherAI/pythia-1b-v0
  EleutherAI/pythia-2.7b-deduped-no-gptj-seed42
  EleutherAI/pythia-2.7b-deduped-no-gptj-wrongsplit
  EleutherAI/pythia-2.7b-no-gptj
  EleutherAI/pythia-2.8b
  EleutherAI/pythia-2.8b-addition-first
  EleutherAI/pythia-2.8b-addition-first-ft
  EleutherAI/pythia-2.8b-addition_increment0
  EleutherAI/pythia-2.8b-authors
  EleutherAI/pythia-2.8b-authors-first
  EleutherAI/pythia-2.8b-authors-first-ft
  EleutherAI/pythia-2.8b-capitals
  EleutherAI/pythia-2.8b-capitals-first
  EleutherAI/pythia-2.8b-capitals-first-ft
  EleutherAI/pythia-2.8b-deduped
  EleutherAI/pythia-2.8b-deduped-v0
  EleutherAI/pythia-2.8b-hemisphere
  EleutherAI/pythia-2.8b-hemisphere-first
  EleutherAI/pythia-2.8b-hemisphere-first-ft
  EleutherAI/pythia-2.8b-modularaddition-first
  EleutherAI/pythia-2.8b-modularaddition-first-ft
  EleutherAI/pythia-2.8b-modularaddition_increment0
  EleutherAI/pythia-2.8b-multiplication-first
  EleutherAI/pythia-2.8b-multiplication-first-ft
  EleutherAI/pythia-2.8b-multiplication_increment0
  EleutherAI/pythia-2.8b-nli
  EleutherAI/pythia-2.8b-nli-first
  EleutherAI/pythia-2.8b-nli-first-ft
  EleutherAI/pythia-2.8b-population
  EleutherAI/pythia-2.8b-population-first
  EleutherAI/pythia-2.8b-population-first-ft
  EleutherAI/pythia-2.8b-sciq
  EleutherAI/pythia-2.8b-sciq-first
  EleutherAI/pythia-2.8b-sciq-first-ft
  EleutherAI/pythia-2.8b-sentiment
  EleutherAI/pythia-2.8b-sentiment-first
  EleutherAI/pythia-2.8b-sentiment-first-ft
  EleutherAI/pythia-2.8b-squaring-first
  EleutherAI/pythia-2.8b-squaring-first-ft
  EleutherAI/pythia-2.8b-squaring_increment0
  EleutherAI/pythia-2.8b-subtraction-first
  EleutherAI/pythia-2.8b-subtraction-first-ft
  EleutherAI/pythia-2.8b-subtraction_increment0
  EleutherAI/pythia-2.8b-v0
  EleutherAI/pythia-31m
  EleutherAI/pythia-31m-deduped
  EleutherAI/pythia-31m-seed1
  EleutherAI/pythia-31m-seed2
  EleutherAI/pythia-31m-seed3
  EleutherAI/pythia-31m-seed4
  EleutherAI/pythia-31m-seed5
  EleutherAI/pythia-31m-seed6
  EleutherAI/pythia-31m-seed7
  EleutherAI/pythia-31m-seed8
  EleutherAI/pythia-31m-seed9
  EleutherAI/pythia-31m-store
  EleutherAI/pythia-410m
  EleutherAI/pythia-410m-addition-first
  EleutherAI/pythia-410m-addition-first-ft
  EleutherAI/pythia-410m-addition_increment0
  EleutherAI/pythia-410m-authors
  EleutherAI/pythia-410m-authors-first
  EleutherAI/pythia-410m-authors-first-ft
  EleutherAI/pythia-410m-capitals
  EleutherAI/pythia-410m-capitals-first
  EleutherAI/pythia-410m-capitals-first-ft
  EleutherAI/pythia-410m-deduped
  EleutherAI/pythia-410m-deduped-v0
  EleutherAI/pythia-410m-hemisphere
  EleutherAI/pythia-410m-hemisphere-first
  EleutherAI/pythia-410m-hemisphere-first-ft
  EleutherAI/pythia-410m-modularaddition-first
  EleutherAI/pythia-410m-modularaddition-first-ft
  EleutherAI/pythia-410m-modularaddition_increment0
  EleutherAI/pythia-410m-multiplication-first
  EleutherAI/pythia-410m-multiplication-first-ft
  EleutherAI/pythia-410m-multiplication_increment0
  EleutherAI/pythia-410m-nli
  EleutherAI/pythia-410m-nli-first
  EleutherAI/pythia-410m-nli-first-ft
  EleutherAI/pythia-410m-population
  EleutherAI/pythia-410m-population-first
  EleutherAI/pythia-410m-population-first-ft
  EleutherAI/pythia-410m-sciq
  EleutherAI/pythia-410m-sciq-first
  EleutherAI/pythia-410m-sciq-first-ft
  EleutherAI/pythia-410m-seed1
  EleutherAI/pythia-410m-seed2
  EleutherAI/pythia-410m-seed3
  EleutherAI/pythia-410m-seed4
  EleutherAI/pythia-410m-seed5
  EleutherAI/pythia-410m-seed6
  EleutherAI/pythia-410m-seed7
  EleutherAI/pythia-410m-seed8
  EleutherAI/pythia-410m-seed9
  EleutherAI/pythia-410m-sentiment
  EleutherAI/pythia-410m-sentiment-first
  EleutherAI/pythia-410m-sentiment-first-ft
  EleutherAI/pythia-410m-squaring-first
  EleutherAI/pythia-410m-squaring-first-ft
  EleutherAI/pythia-410m-squaring_increment0
  EleutherAI/pythia-410m-subtraction-first
  EleutherAI/pythia-410m-subtraction-first-ft
  EleutherAI/pythia-410m-subtraction_increment0
  EleutherAI/pythia-410m-v0
  EleutherAI/pythia-6.9b
  EleutherAI/pythia-6.9b-addition-first
  EleutherAI/pythia-6.9b-addition-first-ft
  EleutherAI/pythia-6.9b-addition_increment0
  EleutherAI/pythia-6.9b-authors
  EleutherAI/pythia-6.9b-authors-first
  EleutherAI/pythia-6.9b-authors-first-ft
  EleutherAI/pythia-6.9b-capitals
  EleutherAI/pythia-6.9b-capitals-first
  EleutherAI/pythia-6.9b-capitals-first-ft
  EleutherAI/pythia-6.9b-deduped
  EleutherAI/pythia-6.9b-deduped-v0
  EleutherAI/pythia-6.9b-deduped-v0-seed42
  EleutherAI/pythia-6.9b-hemisphere
  EleutherAI/pythia-6.9b-hemisphere-first
  EleutherAI/pythia-6.9b-hemisphere-first-ft
  EleutherAI/pythia-6.9b-modularaddition-first
  EleutherAI/pythia-6.9b-modularaddition-first-ft
  EleutherAI/pythia-6.9b-modularaddition_increment0
  EleutherAI/pythia-6.9b-multiplication-first
  EleutherAI/pythia-6.9b-multiplication-first-ft
  EleutherAI/pythia-6.9b-multiplication_increment0
  EleutherAI/pythia-6.9b-nli
  EleutherAI/pythia-6.9b-nli-first
  EleutherAI/pythia-6.9b-nli-first-ft
  EleutherAI/pythia-6.9b-population
  EleutherAI/pythia-6.9b-population-first
  EleutherAI/pythia-6.9b-population-first-ft
  EleutherAI/pythia-6.9b-sciq
  EleutherAI/pythia-6.9b-sciq-first
  EleutherAI/pythia-6.9b-sciq-first-ft
  EleutherAI/pythia-6.9b-sentiment
  EleutherAI/pythia-6.9b-sentiment-first
  EleutherAI/pythia-6.9b-sentiment-first-ft
  EleutherAI/pythia-6.9b-squaring-first
  EleutherAI/pythia-6.9b-squaring-first-ft
  EleutherAI/pythia-6.9b-squaring_increment0
  EleutherAI/pythia-6.9b-subtraction-first
  EleutherAI/pythia-6.9b-subtraction-first-ft
  EleutherAI/pythia-6.9b-subtraction_increment0
  EleutherAI/pythia-6.9b-v0
  EleutherAI/pythia-70m
  EleutherAI/pythia-70m-deduped
  EleutherAI/pythia-70m-deduped-v0
  EleutherAI/pythia-70m-seed1
  EleutherAI/pythia-70m-seed2
  EleutherAI/pythia-70m-seed3
  EleutherAI/pythia-70m-seed4
  EleutherAI/pythia-70m-seed5
  EleutherAI/pythia-70m-seed6
  EleutherAI/pythia-70m-seed7
  EleutherAI/pythia-70m-seed8
  EleutherAI/pythia-70m-seed9
  EleutherAI/pythia-70m-v0
  EleutherAI/pythia-70m-warmup01
  EleutherAI/pythia-hh-6.9b
  EleutherAI/pythia-intervention-1.4b-deduped
  EleutherAI/pythia-intervention-410m-deduped
  EleutherAI/pythia-intervention-6.9b-deduped
  EleutherAI/pythia-intervention-70m-deduped
  EleutherAI/pythia-intervention-long-1.4b-deduped
  EleutherAI/pythia-v1.1-1.4b-1MtokBS
  EleutherAI/pythia-v1.1-160m-0.5MtokBS
  EleutherAI/pythia-v1.1-1b-0.5MtokBS
  EleutherAI/pythia-v1.1-410m-0.5MtokBS
  EleutherAI/pythia-v1.1-70m-0.25MtokBS
  EleutherAI/pythia1.5_baseline
  EleutherAI/pythia1.5_blocklist_filtered_wmdp_lie_o_rewrite
  EleutherAI/pythia1.5_blocklist_filtered_wmdp_lie_o_shuffled
  EleutherAI/pythia1.5_blocklist_then_modernbert_filtered
  EleutherAI/pythia1.5_modernbert_filtered_5percent
  EleutherAI/pythia1.5_modernbert_filtered_5percent_replace_with_escelations
  EleutherAI/pythia1.5_modernbert_filtered_wmdp_lie_o_rewrite
  EleutherAI/pythia1.5_modernbert_filtered_wmdp_lie_o_shuffled
  EleutherAI/pythia1.5_modernbert_then_blocklist_filtered
  EleutherAI/pythia2_annealing_baseline_global_step11921
  EleutherAI/qm-pythia-1.4b-grader-first
  EleutherAI/qm-pythia-1.4b-grader-last
  EleutherAI/qm-pythia-1.4b-mixture
  EleutherAI/qm-pythia-12b-grader-first
  EleutherAI/qm-pythia-12b-grader-last
  EleutherAI/qm-pythia-12b-mixture
  EleutherAI/qm-pythia-1b-grader-first
  EleutherAI/qm-pythia-1b-grader-last
  EleutherAI/qm-pythia-1b-mixture
  EleutherAI/qm-pythia-2.8b-grader-first
  EleutherAI/qm-pythia-2.8b-grader-last
  EleutherAI/qm-pythia-2.8b-mixture
  EleutherAI/qm-pythia-410m-grader-first
  EleutherAI/qm-pythia-410m-grader-last
  EleutherAI/qm-pythia-410m-mixture
  EleutherAI/qm-pythia-6.9b-grader-first
  EleutherAI/qm-pythia-6.9b-grader-last
  EleutherAI/qm-pythia-6.9b-mixture
  EleutherAI/quirky-pythia-1b-grader-first
  EleutherAI/quirky-pythia-1b-grader-last
  EleutherAI/quirky-pythia-2.8b-grader-first
  EleutherAI/quirky-pythia-2.8b-grader-last
  EleutherAI/quirky-pythia-2.8b-mixture
  EleutherAI/quirky-pythia-410m-mixture
  EleutherAI/sae-pythia-160m-32k
  EleutherAI/sae-pythia-160m-deduped-32k
  EleutherAI/sae-pythia-410m-65k
  EleutherAI/sae-pythia-70m-32k
  EleutherAI/sae-pythia-70m-deduped-32k

==============================================================================
POLYPYTHIAS (EleutherAI, seed variants)
==============================================================================
  EleutherAI/neox-ckpt-pythia-14m-seed0
  EleutherAI/neox-ckpt-pythia-14m-seed1
  EleutherAI/neox-ckpt-pythia-14m-seed10
  EleutherAI/neox-ckpt-pythia-14m-seed11
  EleutherAI/neox-ckpt-pythia-14m-seed12
  EleutherAI/neox-ckpt-pythia-14m-seed13
  EleutherAI/neox-ckpt-pythia-14m-seed2
  EleutherAI/neox-ckpt-pythia-14m-seed3
  EleutherAI/neox-ckpt-pythia-14m-seed4
  EleutherAI/neox-ckpt-pythia-14m-seed5
  EleutherAI/neox-ckpt-pythia-14m-seed6
  EleutherAI/neox-ckpt-pythia-14m-seed7
  EleutherAI/neox-ckpt-pythia-14m-seed8
  EleutherAI/neox-ckpt-pythia-14m-seed9
  EleutherAI/neox-ckpt-pythia-160m-seed0
  EleutherAI/neox-ckpt-pythia-160m-seed1
  EleutherAI/neox-ckpt-pythia-160m-seed2
  EleutherAI/neox-ckpt-pythia-160m-seed3
  EleutherAI/neox-ckpt-pythia-160m-seed4
  EleutherAI/neox-ckpt-pythia-160m-seed5
  EleutherAI/neox-ckpt-pythia-160m-seed6
  EleutherAI/neox-ckpt-pythia-160m-seed7
  EleutherAI/neox-ckpt-pythia-160m-seed8
  EleutherAI/neox-ckpt-pythia-160m-seed9
  EleutherAI/neox-ckpt-pythia-31m-seed0
  EleutherAI/neox-ckpt-pythia-31m-seed1
  EleutherAI/neox-ckpt-pythia-31m-seed2
  EleutherAI/neox-ckpt-pythia-31m-seed3
  EleutherAI/neox-ckpt-pythia-31m-seed4
  EleutherAI/neox-ckpt-pythia-31m-seed5
  EleutherAI/neox-ckpt-pythia-31m-seed6
  EleutherAI/neox-ckpt-pythia-31m-seed7
  EleutherAI/neox-ckpt-pythia-31m-seed8
  EleutherAI/neox-ckpt-pythia-31m-seed9
  EleutherAI/neox-ckpt-pythia-410m-seed0
  EleutherAI/neox-ckpt-pythia-410m-seed1
  EleutherAI/neox-ckpt-pythia-410m-seed2
  EleutherAI/neox-ckpt-pythia-410m-seed3
  EleutherAI/neox-ckpt-pythia-410m-seed4
  EleutherAI/neox-ckpt-pythia-410m-seed5
  EleutherAI/neox-ckpt-pythia-410m-seed6
  EleutherAI/neox-ckpt-pythia-410m-seed7
  EleutherAI/neox-ckpt-pythia-410m-seed8
  EleutherAI/neox-ckpt-pythia-410m-seed9
  EleutherAI/neox-ckpt-pythia-70m-seed0
  EleutherAI/neox-ckpt-pythia-70m-seed1
  EleutherAI/neox-ckpt-pythia-70m-seed2
  EleutherAI/neox-ckpt-pythia-70m-seed3
  EleutherAI/neox-ckpt-pythia-70m-seed4
  EleutherAI/neox-ckpt-pythia-70m-seed5
  EleutherAI/neox-ckpt-pythia-70m-seed6
  EleutherAI/neox-ckpt-pythia-70m-seed7
  EleutherAI/neox-ckpt-pythia-70m-seed8
  EleutherAI/neox-ckpt-pythia-70m-seed9
  EleutherAI/pythia-14m-seed1
  EleutherAI/pythia-14m-seed2
  EleutherAI/pythia-14m-seed3
  EleutherAI/pythia-14m-seed4
  EleutherAI/pythia-14m-seed5
  EleutherAI/pythia-14m-seed6
  EleutherAI/pythia-14m-seed7
  EleutherAI/pythia-14m-seed8
  EleutherAI/pythia-14m-seed9
  EleutherAI/pythia-160m-data-seed1
  EleutherAI/pythia-160m-data-seed2
  EleutherAI/pythia-160m-data-seed3
  EleutherAI/pythia-160m-seed1
  EleutherAI/pythia-160m-seed2
  EleutherAI/pythia-160m-seed3
  EleutherAI/pythia-160m-seed4
  EleutherAI/pythia-160m-seed5
  EleutherAI/pythia-160m-seed6
  EleutherAI/pythia-160m-seed7
  EleutherAI/pythia-160m-seed8
  EleutherAI/pythia-160m-seed9
  EleutherAI/pythia-160m-weight-seed1
  EleutherAI/pythia-160m-weight-seed2
  EleutherAI/pythia-160m-weight-seed3
  EleutherAI/pythia-2.7b-deduped-no-gptj-seed42
  EleutherAI/pythia-31m-seed1
  EleutherAI/pythia-31m-seed2
  EleutherAI/pythia-31m-seed3
  EleutherAI/pythia-31m-seed4
  EleutherAI/pythia-31m-seed5
  EleutherAI/pythia-31m-seed6
  EleutherAI/pythia-31m-seed7
  EleutherAI/pythia-31m-seed8
  EleutherAI/pythia-31m-seed9
  EleutherAI/pythia-410m-seed1
  EleutherAI/pythia-410m-seed2
  EleutherAI/pythia-410m-seed3
  EleutherAI/pythia-410m-seed4
  EleutherAI/pythia-410m-seed5
  EleutherAI/pythia-410m-seed6
  EleutherAI/pythia-410m-seed7
  EleutherAI/pythia-410m-seed8
  EleutherAI/pythia-410m-seed9
  EleutherAI/pythia-6.9b-deduped-v0-seed42
  EleutherAI/pythia-70m-seed1
  EleutherAI/pythia-70m-seed2
  EleutherAI/pythia-70m-seed3
  EleutherAI/pythia-70m-seed4
  EleutherAI/pythia-70m-seed5
  EleutherAI/pythia-70m-seed6
  EleutherAI/pythia-70m-seed7
  EleutherAI/pythia-70m-seed8
  EleutherAI/pythia-70m-seed9

==============================================================================
jmichaelov PARC models
==============================================================================
  jmichaelov/fasttext-en-wiki
  jmichaelov/fineweb-edu-tokenizers
  jmichaelov/parc-mamba-seed0
  jmichaelov/parc-mamba-seed1
  jmichaelov/parc-mamba-seed2
  jmichaelov/parc-mamba-seed3
  jmichaelov/parc-mamba-seed4
  jmichaelov/parc-mamba-seed5
  jmichaelov/parc-pythia-seed0
  jmichaelov/parc-pythia-seed1
  jmichaelov/parc-pythia-seed2
  jmichaelov/parc-pythia-seed3
  jmichaelov/parc-pythia-seed4
  jmichaelov/parc-pythia-seed5
  jmichaelov/parc-rwkv-seed0
  jmichaelov/parc-rwkv-seed1
  jmichaelov/parc-rwkv-seed2
  jmichaelov/parc-rwkv-seed3
  jmichaelov/parc-rwkv-seed4
  jmichaelov/parc-rwkv-seed5
  jmichaelov/pythia31m_b1024_64_constant_seed0
  jmichaelov/pythia31m_b1024_64_constant_seed1
  jmichaelov/pythia31m_b1024_64_constant_seed2
  jmichaelov/pythia31m_b1024_64_constant_seed3
  jmichaelov/pythia31m_b1024_64_constant_seed4
  jmichaelov/pythia31m_b128_constant_seed0
  jmichaelov/pythia31m_b128_constant_seed1
  jmichaelov/pythia31m_b128_constant_seed2
  jmichaelov/pythia31m_b128_constant_seed3
  jmichaelov/pythia31m_b128_constant_seed4
  jmichaelov/pythia31m_b16_constant_seed0
  jmichaelov/pythia31m_b16_constant_seed1
  jmichaelov/pythia31m_b16_constant_seed2
  jmichaelov/pythia31m_b16_constant_seed3
  jmichaelov/pythia31m_b16_constant_seed4
  jmichaelov/pythia31m_b256_constant_seed0
  jmichaelov/pythia31m_b256_constant_seed1
  jmichaelov/pythia31m_b256_constant_seed2
  jmichaelov/pythia31m_b256_constant_seed3
  jmichaelov/pythia31m_b256_constant_seed4
  jmichaelov/pythia31m_b32_constant_seed0
  jmichaelov/pythia31m_b32_constant_seed1
  jmichaelov/pythia31m_b32_constant_seed2
  jmichaelov/pythia31m_b32_constant_seed3
  jmichaelov/pythia31m_b32_constant_seed4
  jmichaelov/pythia31m_b512_constant_seed0
  jmichaelov/pythia31m_b512_constant_seed1
  jmichaelov/pythia31m_b512_constant_seed2
  jmichaelov/pythia31m_b512_constant_seed3
  jmichaelov/pythia31m_b512_constant_seed4
  jmichaelov/pythia31m_b64_constant_seed0
  jmichaelov/pythia31m_b64_constant_seed1
  jmichaelov/pythia31m_b64_constant_seed2
  jmichaelov/pythia31m_b64_constant_seed3
  jmichaelov/pythia31m_b64_constant_seed4

wrote model_inventory_raw.json
