{
  "dataset": "ds003604",
  "rdm_variant": "roi-auditory",
  "families": 28,
  "checkpoints": 287,
  "alignment_rows": 861,
  "cells": 3,
  "tasks": [
    "Sem"
  ],
  "sessions": [
    "ses-5",
    "ses-7",
    "ses-9"
  ],
  "n_exceeding_parc": 3,
  "n_below_parc": 6,
  "untrained": {
    "n_pairs": 42,
    "n_families": 14,
    "n_training_helps": 15,
    "frac_training_helps": 0.3571,
    "mean_untrained": 0.003004,
    "mean_trained": -0.004356,
    "wilcoxon_p": 0.004309813024974574,
    "verdict": "training DEGRADES alignment on this dataset"
  },
  "duplicate_cells": {},
  "n_independent_cells": 3,
  "incomplete_families": {
    "pythia-2.8b-full": 3
  },
  "n_cells_tested": 57,
  "best_frac_of_ceiling": 0.046996986189430275,
  "best_rsa": 0.0385694462246735,
  "instrument": {
    "detectability": {
      "n_cells": 26,
      "cross_session_rsa": {
        "min": 0.4925,
        "median": 0.7535,
        "max": 0.9729
      },
      "best_model_rsa_median": 0.03843,
      "model_to_external_ratio_median": 0.0502,
      "additive_control": {
        "n_significant": 24,
        "n_cells": 26,
        "max_rsa": 0.362,
        "median_rsa": 0.0685
      },
      "w_star": {
        "median": 0.02,
        "n_cells_with_wstar": 26,
        "n_cells": 26
      },
      "verdict": "instrument has real power; the null about models STANDS"
    },
    "precision_retest": {
      "all_checkpoints": [
        {
          "contrast": "batch16 vs b_batch4",
          "mean_j": 9.683659867516051e-07,
          "mean_s_ff": 0.010195496145263844,
          "mean_ratio": 0.00011653273535780049,
          "max_ratio": 0.0002815104246772875,
          "n_cells": 26,
          "n_uninterpretable": 0,
          "n_matched_only": 0
        },
        {
          "contrast": "batch16 vs c_batch32",
          "mean_j": 8.037528784017026e-07,
          "mean_s_ff": 0.010195496145263844,
          "mean_ratio": 9.638136625518377e-05,
          "max_ratio": 0.0002654804052657471,
          "n_cells": 26,
          "n_uninterpretable": 0,
          "n_matched_only": 0
        },
        {
          "contrast": "batch16 vs d_gpu2",
          "mean_j": 0.0,
          "mean_s_ff": 0.010195496145263844,
          "mean_ratio": 0.0,
          "max_ratio": 0.0,
          "n_cells": 26,
          "n_uninterpretable": 0,
          "n_matched_only": 0
        },
        {
          "contrast": "batch16 vs main_sweep_gpu0",
          "mean_j": 0.0,
          "mean_s_ff": 0.010195496145263844,
          "mean_ratio": 0.0,
          "max_ratio": 0.0,
          "n_cells": 26,
          "n_uninterpretable": 0,
          "n_matched_only": 0
        },
        {
          "contrast": "fp32 vs bf16",
          "mean_j": 0.0009478705156051368,
          "mean_s_ff": 0.010195496145263844,
          "mean_ratio": 0.09725168388952461,
          "max_ratio": 0.20854378550143315,
          "n_cells": 26,
          "n_uninterpretable": 0,
          "n_matched_only": 1
        }
      ],
      "final_checkpoint": [
        {
          "contrast": "batch16 vs b_batch4",
          "mean_ratio": 0.0006829225818618702,
          "max_ratio": 0.002527728088724443,
          "n_cells": 26,
          "n_uninterpretable": 0
        },
        {
          "contrast": "batch16 vs c_batch32",
          "mean_ratio": 0.0004844609847608544,
          "max_ratio": 0.001884467589142662,
          "n_cells": 26,
          "n_uninterpretable": 0
        },
        {
          "contrast": "batch16 vs d_gpu2",
          "mean_ratio": 0.0,
          "max_ratio": 0.0,
          "n_cells": 26,
          "n_uninterpretable": 0
        },
        {
          "contrast": "batch16 vs main_sweep_gpu0",
          "mean_ratio": 0.0,
          "max_ratio": 0.0,
          "n_cells": 26,
          "n_uninterpretable": 0
        },
        {
          "contrast": "fp32 vs bf16",
          "mean_ratio": 0.3155286867311841,
          "max_ratio": 0.9536091187670145,
          "n_cells": 26,
          "n_uninterpretable": 6
        }
      ],
      "worst_mean_ratio_final": 0.3155,
      "verdict": "family rankings valid only within an arm matched on: fp32 vs bf16. No effect from: batch16 vs b_batch4, batch16 vs c_batch32, batch16 vs d_gpu2, batch16 vs main_sweep_gpu0",
      "note": "the ratio grows monotonically with training step; the all-checkpoint average is diluted by untrained checkpoints where two precisions agree almost exactly"
    },
    "this_dataset": {
      "cross_session_rsa_median": 0.8779,
      "cross_session_rsa_min": 0.8135,
      "best_model_rsa": 0.0667,
      "model_to_external_ratio_median": 0.0395,
      "w_star_median": 0.02,
      "additive_n_significant": 10,
      "additive_n_cells": 12,
      "additive_median_rsa": 0.0406,
      "additive_max_rsa": 0.074
    }
  }
}
staged 214 files -> /local/scratch/sas245/brainalign-evals/hf_package/ds003604-roiauditory
pushed -> https://huggingface.co/datasets/BrainAlign/cdl-devai-results-ds003604-roiauditory
{
  "dataset": "ds003604",
  "rdm_variant": "roi-auditory",
  "families": 28,
  "checkpoints": 287,
  "alignment_rows": 861,
  "cells": 3,
  "tasks": [
    "Gram",
    "Phon",
    "Plaus",
    "Sem"
  ],
  "sessions": [
    "ses-5",
    "ses-7",
    "ses-9"
  ],
  "n_exceeding_parc": 3,
  "n_below_parc": 6,
  "untrained": {
    "n_pairs": 42,
    "n_families": 14,
    "n_training_helps": 15,
    "frac_training_helps": 0.3571,
    "mean_untrained": 0.003004,
    "mean_trained": -0.004356,
    "wilcoxon_p": 0.004309813024974574,
    "verdict": "training DEGRADES alignment on this dataset"
  },
  "duplicate_cells": {},
  "n_independent_cells": 3,
  "incomplete_families": {
    "pythia-2.8b-full": 3
  },
  "n_cells_tested": 57,
  "best_frac_of_ceiling": 0.046996986189430275,
  "best_rsa": 0.0385694462246735,
  "instrument": {
    "detectability": {
      "n_cells": 26,
      "cross_session_rsa": {
        "min": 0.4925,
        "median": 0.7535,
        "max": 0.9729
      },
      "best_model_rsa_median": 0.03843,
      "model_to_external_ratio_median": 0.0502,
      "additive_control": {
        "n_significant": 24,
        "n_cells": 26,
        "max_rsa": 0.362,
        "median_rsa": 0.0685
      },
      "w_star": {
        "median": 0.02,
        "n_cells_with_wstar": 26,
        "n_cells": 26
      },
      "verdict": "instrument has real power; the null about models STANDS"
    },
    "precision_retest": {
      "all_checkpoints": [
        {
          "contrast": "batch16 vs b_batch4",
          "mean_j": 9.683659867516051e-07,
          "mean_s_ff": 0.010195496145263844,
          "mean_ratio": 0.00011653273535780049,
          "max_ratio": 0.0002815104246772875,
          "n_cells": 26,
          "n_uninterpretable": 0,
          "n_matched_only": 0
        },
        {
          "contrast": "batch16 vs c_batch32",
          "mean_j": 8.037528784017026e-07,
          "mean_s_ff": 0.010195496145263844,
          "mean_ratio": 9.638136625518377e-05,
          "max_ratio": 0.0002654804052657471,
          "n_cells": 26,
          "n_uninterpretable": 0,
          "n_matched_only": 0
        },
        {
          "contrast": "batch16 vs d_gpu2",
          "mean_j": 0.0,
          "mean_s_ff": 0.010195496145263844,
          "mean_ratio": 0.0,
          "max_ratio": 0.0,
          "n_cells": 26,
          "n_uninterpretable": 0,
          "n_matched_only": 0
        },
        {
          "contrast": "batch16 vs main_sweep_gpu0",
          "mean_j": 0.0,
          "mean_s_ff": 0.010195496145263844,
          "mean_ratio": 0.0,
          "max_ratio": 0.0,
          "n_cells": 26,
          "n_uninterpretable": 0,
          "n_matched_only": 0
        },
        {
          "contrast": "fp32 vs bf16",
          "mean_j": 0.0009478705156051368,
          "mean_s_ff": 0.010195496145263844,
          "mean_ratio": 0.09725168388952461,
          "max_ratio": 0.20854378550143315,
          "n_cells": 26,
          "n_uninterpretable": 0,
          "n_matched_only": 1
        }
      ],
      "final_checkpoint": [
        {
          "contrast": "batch16 vs b_batch4",
          "mean_ratio": 0.0006829225818618702,
          "max_ratio": 0.002527728088724443,
          "n_cells": 26,
          "n_uninterpretable": 0
        },
        {
          "contrast": "batch16 vs c_batch32",
          "mean_ratio": 0.0004844609847608544,
          "max_ratio": 0.001884467589142662,
          "n_cells": 26,
          "n_uninterpretable": 0
        },
        {
          "contrast": "batch16 vs d_gpu2",
          "mean_ratio": 0.0,
          "max_ratio": 0.0,
          "n_cells": 26,
          "n_uninterpretable": 0
        },
        {
          "contrast": "batch16 vs main_sweep_gpu0",
          "mean_ratio": 0.0,
          "max_ratio": 0.0,
          "n_cells": 26,
          "n_uninterpretable": 0
        },
        {
          "contrast": "fp32 vs bf16",
          "mean_ratio": 0.3155286867311841,
          "max_ratio": 0.9536091187670145,
          "n_cells": 26,
          "n_uninterpretable": 6
        }
      ],
      "worst_mean_ratio_final": 0.3155,
      "verdict": "family rankings valid only within an arm matched on: fp32 vs bf16. No effect from: batch16 vs b_batch4, batch16 vs c_batch32, batch16 vs d_gpu2, batch16 vs main_sweep_gpu0",
      "note": "the ratio grows monotonically with training step; the all-checkpoint average is diluted by untrained checkpoints where two precisions agree almost exactly"
    },
    "this_dataset": {
      "cross_session_rsa_median": 0.8779,
      "cross_session_rsa_min": 0.8135,
      "best_model_rsa": 0.0667,
      "model_to_external_ratio_median": 0.0395,
      "w_star_median": 0.02,
      "additive_n_significant": 10,
      "additive_n_cells": 12,
      "additive_median_rsa": 0.0406,
      "additive_max_rsa": 0.074
    }
  }
}
staged 214 files -> /local/scratch/sas245/brainalign-evals/hf_package/ds003604-roiauditory
pushed -> https://huggingface.co/datasets/BrainAlign/cdl-devai-results-ds003604-roiauditory
{
  "dataset": "ds003604",
  "rdm_variant": "roi-auditory",
  "families": 29,
  "checkpoints": 294,
  "alignment_rows": 3528,
  "cells": 12,
  "tasks": [
    "Gram",
    "Phon",
    "Plaus",
    "Sem"
  ],
  "sessions": [
    "ses-5",
    "ses-7",
    "ses-9"
  ],
  "n_exceeding_parc": 33,
  "n_below_parc": 18,
  "untrained": {
    "n_pairs": 168,
    "n_families": 14,
    "n_training_helps": 40,
    "frac_training_helps": 0.2381,
    "mean_untrained": 0.007533,
    "mean_trained": -0.003406,
    "wilcoxon_p": 4.3002995247128095e-13,
    "verdict": "training DEGRADES alignment on this dataset"
  },
  "duplicate_cells": {},
  "n_independent_cells": 12,
  "incomplete_families": {
    "pythia-2.8b-full": 4,
    "pythia-6.9b-full": 1
  },
  "n_cells_tested": 240,
  "best_frac_of_ceiling": 0.07315209453465513,
  "best_rsa": 0.0578837564542822,
  "instrument": {
    "detectability": {
      "n_cells": 26,
      "cross_session_rsa": {
        "min": 0.4925,
        "median": 0.7535,
        "max": 0.9729
      },
      "best_model_rsa_median": 0.03843,
      "model_to_external_ratio_median": 0.0502,
      "additive_control": {
        "n_significant": 24,
        "n_cells": 26,
        "max_rsa": 0.362,
        "median_rsa": 0.0685
      },
      "w_star": {
        "median": 0.02,
        "n_cells_with_wstar": 26,
        "n_cells": 26
      },
      "verdict": "instrument has real power; the null about models STANDS"
    },
    "precision_retest": {
      "all_checkpoints": [
        {
          "contrast": "batch16 vs b_batch4",
          "mean_j": 9.683659867516051e-07,
          "mean_s_ff": 0.010195496145263844,
          "mean_ratio": 0.00011653273535780049,
          "max_ratio": 0.0002815104246772875,
          "n_cells": 26,
          "n_uninterpretable": 0,
          "n_matched_only": 0
        },
        {
          "contrast": "batch16 vs c_batch32",
          "mean_j": 8.037528784017026e-07,
          "mean_s_ff": 0.010195496145263844,
          "mean_ratio": 9.638136625518377e-05,
          "max_ratio": 0.0002654804052657471,
          "n_cells": 26,
          "n_uninterpretable": 0,
          "n_matched_only": 0
        },
        {
          "contrast": "batch16 vs d_gpu2",
          "mean_j": 0.0,
          "mean_s_ff": 0.010195496145263844,
          "mean_ratio": 0.0,
          "max_ratio": 0.0,
          "n_cells": 26,
          "n_uninterpretable": 0,
          "n_matched_only": 0
        },
        {
          "contrast": "batch16 vs main_sweep_gpu0",
          "mean_j": 0.0,
          "mean_s_ff": 0.010195496145263844,
          "mean_ratio": 0.0,
          "max_ratio": 0.0,
          "n_cells": 26,
          "n_uninterpretable": 0,
          "n_matched_only": 0
        },
        {
          "contrast": "fp32 vs bf16",
          "mean_j": 0.0009478705156051368,
          "mean_s_ff": 0.010195496145263844,
          "mean_ratio": 0.09725168388952461,
          "max_ratio": 0.20854378550143315,
          "n_cells": 26,
          "n_uninterpretable": 0,
          "n_matched_only": 1
        }
      ],
      "final_checkpoint": [
        {
          "contrast": "batch16 vs b_batch4",
          "mean_ratio": 0.0006829225818618702,
          "max_ratio": 0.002527728088724443,
          "n_cells": 26,
          "n_uninterpretable": 0
        },
        {
          "contrast": "batch16 vs c_batch32",
          "mean_ratio": 0.0004844609847608544,
          "max_ratio": 0.001884467589142662,
          "n_cells": 26,
          "n_uninterpretable": 0
        },
        {
          "contrast": "batch16 vs d_gpu2",
          "mean_ratio": 0.0,
          "max_ratio": 0.0,
          "n_cells": 26,
          "n_uninterpretable": 0
        },
        {
          "contrast": "batch16 vs main_sweep_gpu0",
          "mean_ratio": 0.0,
          "max_ratio": 0.0,
          "n_cells": 26,
          "n_uninterpretable": 0
        },
        {
          "contrast": "fp32 vs bf16",
          "mean_ratio": 0.3155286867311841,
          "max_ratio": 0.9536091187670145,
          "n_cells": 26,
          "n_uninterpretable": 6
        }
      ],
      "worst_mean_ratio_final": 0.3155,
      "verdict": "family rankings valid only within an arm matched on: fp32 vs bf16. No effect from: batch16 vs b_batch4, batch16 vs c_batch32, batch16 vs d_gpu2, batch16 vs main_sweep_gpu0",
      "note": "the ratio grows monotonically with training step; the all-checkpoint average is diluted by untrained checkpoints where two precisions agree almost exactly"
    },
    "this_dataset": {
      "cross_session_rsa_median": 0.8779,
      "cross_session_rsa_min": 0.8135,
      "best_model_rsa": 0.0667,
      "model_to_external_ratio_median": 0.0395,
      "w_star_median": 0.02,
      "additive_n_significant": 10,
      "additive_n_cells": 12,
      "additive_median_rsa": 0.0406,
      "additive_max_rsa": 0.074
    }
  }
}
staged 221 files -> /local/scratch/sas245/brainalign-evals/hf_package/ds003604-roiauditory
pushed -> https://huggingface.co/datasets/BrainAlign/cdl-devai-results-ds003604-roiauditory
