[sweep 2026-08-29T15:50:33Z] START | gpu=0 | HF_HOME=/local/scratch/sas245/brainalign-evals/hf_home | free=405GB
[sweep 2026-08-29T15:50:33Z] datasets: ds006239 ds003604 ds002236 | max_ckpt=3 | floor=150GB
[sweep 2026-08-29T15:50:33Z] === ds006239 | tasks: Orth Phon Sem SemLocal  | sessions: ses-11 ses-11+ 
[sweep 2026-08-29T15:50:33Z]   run pythia-70m-full on ds006239 (free=405GB)
[sweep 2026-08-29T15:51:07Z]   ok   pythia-70m-full/ds006239 rc=0 rows=24 free=404GB
[prune] nothing resident from this sweep's manifest
[sweep 2026-08-29T15:51:07Z] === ds006239 done
[sweep 2026-08-29T15:51:07Z] === ds003604 | tasks: Gram Phon Plaus Sem  | sessions: ses-5 ses-7 ses-9 
[sweep 2026-08-29T15:51:07Z]   run pythia-70m-full on ds003604 (free=404GB)
[sweep 2026-08-29T15:51:36Z]   ok   pythia-70m-full/ds003604 rc=0 rows=36 free=404GB
[prune] nothing resident from this sweep's manifest
[sweep 2026-08-29T15:51:36Z] === ds003604 done
[sweep 2026-08-29T15:51:36Z] === ds002236 | tasks: Phon Sem  | sessions: ses-11 ses-11+ ses-9 
[sweep 2026-08-29T15:51:36Z]   run pythia-70m-full on ds002236 (free=404GB)
[sweep 2026-08-29T15:52:04Z]   ok   pythia-70m-full/ds002236 rc=0 rows=18 free=404GB
[prune] nothing resident from this sweep's manifest
[sweep 2026-08-29T15:52:04Z] === ds002236 done
alignment_rows.csv: 78 rows, 1 families, 26 cells
scaling_curve.csv: 26 family x cell rows

[null] no PARC rows yet -- skipping null-referenced table. Run the PARC families to populate it.
[sweep 2026-08-29T15:52:05Z] collected -> results/
[sweep 2026-08-29T15:52:05Z] SWEEP COMPLETE | free=404GB
[sweep 2026-08-29T15:52:45Z] START | gpu=0 | HF_HOME=/local/scratch/sas245/brainalign-evals/hf_home | free=404GB
[sweep 2026-08-29T15:52:45Z] datasets: ds006239 ds003604 ds002236 | max_ckpt=12 | floor=150GB
[sweep 2026-08-29T15:52:45Z] === ds006239 | tasks: Orth Phon Sem SemLocal  | sessions: ses-11 ses-11+ 
[sweep 2026-08-29T15:52:45Z]   run pythia-70m-full on ds006239 (free=404GB)
[sweep 2026-08-29T15:54:33Z]   ok   pythia-70m-full/ds006239 rc=0 rows=88 free=404GB
[prune] nothing resident from this sweep's manifest
[sweep 2026-08-29T15:54:33Z]   run pythia-160m-full on ds006239 (free=404GB)
[sweep 2026-08-29T15:56:36Z]   ok   pythia-160m-full/ds006239 rc=0 rows=88 free=404GB
[prune] nothing resident from this sweep's manifest
[sweep 2026-08-29T15:56:36Z]   run pythia-410m-full on ds006239 (free=404GB)
[sweep 2026-08-29T15:56:42Z]   FAIL pythia-410m-full/ds006239 rc=0 -- see logs/grid_ds006239_pythia-410m-full.log
[prune] nothing resident from this sweep's manifest
[sweep 2026-08-29T15:56:42Z]   run pythia-1b-full on ds006239 (free=404GB)
[sweep 2026-08-29T15:56:48Z]   FAIL pythia-1b-full/ds006239 rc=0 -- see logs/grid_ds006239_pythia-1b-full.log
[prune] nothing resident from this sweep's manifest
[sweep 2026-08-29T15:56:49Z]   run pythia-1.4b-full on ds006239 (free=404GB)
[sweep 2026-08-29T15:56:54Z]   FAIL pythia-1.4b-full/ds006239 rc=0 -- see logs/grid_ds006239_pythia-1.4b-full.log
[prune] nothing resident from this sweep's manifest
[sweep 2026-08-29T15:56:55Z] === ds006239 done
[sweep 2026-08-29T15:56:55Z] === ds003604 | tasks: Gram Phon Plaus Sem  | sessions: ses-5 ses-7 ses-9 
[sweep 2026-08-29T15:56:55Z]   run pythia-70m-full on ds003604 (free=404GB)
[sweep 2026-08-29T15:57:01Z]   FAIL pythia-70m-full/ds003604 rc=0 -- see logs/grid_ds003604_pythia-70m-full.log
[prune] nothing resident from this sweep's manifest
[sweep 2026-08-29T15:57:01Z]   run pythia-160m-full on ds003604 (free=404GB)
[sweep 2026-08-29T15:57:07Z]   FAIL pythia-160m-full/ds003604 rc=0 -- see logs/grid_ds003604_pythia-160m-full.log
[prune] nothing resident from this sweep's manifest
[sweep 2026-08-29T15:57:07Z]   run pythia-410m-full on ds003604 (free=404GB)
[sweep 2026-08-29T15:57:13Z]   FAIL pythia-410m-full/ds003604 rc=0 -- see logs/grid_ds003604_pythia-410m-full.log
[prune] nothing resident from this sweep's manifest
[sweep 2026-08-29T15:57:14Z]   run pythia-1b-full on ds003604 (free=404GB)
[sweep 2026-08-29T15:57:20Z]   FAIL pythia-1b-full/ds003604 rc=0 -- see logs/grid_ds003604_pythia-1b-full.log
[prune] nothing resident from this sweep's manifest
[sweep 2026-08-29T15:57:20Z]   run pythia-1.4b-full on ds003604 (free=404GB)
[sweep 2026-08-29T15:57:38Z] START | gpu=0 | HF_HOME=/local/scratch/sas245/brainalign-evals/hf_home | free=404GB
[sweep 2026-08-29T15:57:38Z] datasets: ds006239 ds003604 ds002236 | max_ckpt=12 | floor=150GB
[sweep 2026-08-29T15:57:38Z] === ds006239 | tasks: Orth Phon Sem SemLocal  | sessions: ses-11 ses-11+ 
[sweep 2026-08-29T15:57:38Z]   run parc-pythia-seed0 on ds006239 (free=404GB)
[sweep 2026-08-29T15:57:43Z]   FAIL parc-pythia-seed0/ds006239 rc=0 -- see logs/grid_ds006239_parc-pythia-seed0.log
[prune] nothing resident from this sweep's manifest
[sweep 2026-08-29T15:57:43Z]   run parc-pythia-seed1 on ds006239 (free=404GB)
[sweep 2026-08-29T15:57:49Z]   FAIL parc-pythia-seed1/ds006239 rc=0 -- see logs/grid_ds006239_parc-pythia-seed1.log
[prune] nothing resident from this sweep's manifest
[sweep 2026-08-29T15:57:49Z]   run parc-pythia-seed2 on ds006239 (free=404GB)
[sweep 2026-08-29T15:59:36Z] START | gpu=0 | HF_HOME=/local/scratch/sas245/brainalign-evals/hf_home | free=404GB
[sweep 2026-08-29T15:59:36Z] datasets: ds006239 ds003604 ds002236 | max_ckpt=12 | floor=150GB
[sweep 2026-08-29T15:59:36Z] === ds006239 | tasks: Orth Phon Sem SemLocal  | sessions: ses-11 ses-11+ 
[sweep 2026-08-29T15:59:36Z]   skip pythia-70m-full (done: 89 lines)
[sweep 2026-08-29T15:59:36Z]   skip pythia-160m-full (done: 89 lines)
[sweep 2026-08-29T15:59:36Z]   run pythia-410m-full on ds006239 (free=404GB)
[sweep 2026-08-29T16:02:49Z]   ok   pythia-410m-full/ds006239 rc=0 rows=88 free=402GB
[prune] nothing resident from this sweep's manifest
[sweep 2026-08-29T16:02:49Z]   run pythia-1b-full on ds006239 (free=402GB)
[sweep 2026-08-29T16:08:50Z]   ok   pythia-1b-full/ds006239 rc=0 rows=88 free=401GB
[prune] nothing resident from this sweep's manifest
[sweep 2026-08-29T16:08:51Z]   run pythia-1.4b-full on ds006239 (free=401GB)
[sweep 2026-08-29T16:16:57Z]   ok   pythia-1.4b-full/ds006239 rc=0 rows=88 free=398GB
[prune] nothing resident from this sweep's manifest
[sweep 2026-08-29T16:16:57Z] === ds006239 done
[sweep 2026-08-29T16:16:57Z] === ds003604 | tasks: Gram Phon Plaus Sem  | sessions: ses-5 ses-7 ses-9 
[sweep 2026-08-29T16:16:57Z]   run pythia-70m-full on ds003604 (free=398GB)
[sweep 2026-08-29T16:18:23Z]   ok   pythia-70m-full/ds003604 rc=0 rows=132 free=403GB
[prune] nothing resident from this sweep's manifest
[sweep 2026-08-29T16:18:23Z]   run pythia-160m-full on ds003604 (free=403GB)
[sweep 2026-08-29T16:20:21Z]   ok   pythia-160m-full/ds003604 rc=0 rows=132 free=403GB
[prune] nothing resident from this sweep's manifest
[sweep 2026-08-29T16:20:21Z]   run pythia-410m-full on ds003604 (free=403GB)
[sweep 2026-08-29T16:23:21Z]   ok   pythia-410m-full/ds003604 rc=0 rows=132 free=403GB
[prune] nothing resident from this sweep's manifest
[sweep 2026-08-29T16:23:22Z]   run pythia-1b-full on ds003604 (free=403GB)
[sweep 2026-08-29T16:28:42Z]   ok   pythia-1b-full/ds003604 rc=0 rows=132 free=401GB
[prune] nothing resident from this sweep's manifest
[sweep 2026-08-29T16:28:42Z]   run pythia-1.4b-full on ds003604 (free=401GB)
[sweep 2026-08-29T16:36:22Z]   ok   pythia-1.4b-full/ds003604 rc=0 rows=132 free=403GB
[prune] nothing resident from this sweep's manifest
[sweep 2026-08-29T16:36:22Z] === ds003604 done
[sweep 2026-08-29T16:36:22Z] === ds002236 | tasks: Phon Sem  | sessions: ses-11 ses-11+ ses-9 
[sweep 2026-08-29T16:36:22Z]   run pythia-70m-full on ds002236 (free=403GB)
[sweep 2026-08-29T16:37:43Z]   ok   pythia-70m-full/ds002236 rc=0 rows=66 free=403GB
[prune] nothing resident from this sweep's manifest
[sweep 2026-08-29T16:37:43Z]   run pythia-160m-full on ds002236 (free=403GB)
[sweep 2026-08-29T16:39:26Z]   ok   pythia-160m-full/ds002236 rc=0 rows=66 free=403GB
[prune] nothing resident from this sweep's manifest
[sweep 2026-08-29T16:39:26Z]   run pythia-410m-full on ds002236 (free=403GB)
[sweep 2026-08-29T16:42:14Z]   ok   pythia-410m-full/ds002236 rc=0 rows=66 free=403GB
[prune] nothing resident from this sweep's manifest
[sweep 2026-08-29T16:42:14Z]   run pythia-1b-full on ds002236 (free=403GB)
[sweep 2026-08-29T16:47:35Z]   ok   pythia-1b-full/ds002236 rc=0 rows=66 free=400GB
[prune] nothing resident from this sweep's manifest
[sweep 2026-08-29T16:47:35Z]   run pythia-1.4b-full on ds002236 (free=400GB)
[sweep 2026-08-29T16:54:56Z]   ok   pythia-1.4b-full/ds002236 rc=0 rows=66 free=403GB
[prune] nothing resident from this sweep's manifest
[sweep 2026-08-29T16:54:56Z] === ds002236 done
alignment_rows.csv: 1430 rows, 5 families, 26 cells
scaling_curve.csv: 130 family x cell rows
scale_trend.csv:
 dataset  n_families  scale_trend_rho  scale_trend_p      best_family  best_rsa_mean
ds002236           5             -0.3       0.623838 pythia-160m-full       0.019643
ds003604           5             -0.1       0.872889   pythia-1b-full       0.001715
ds006239           5             -0.4       0.504632  pythia-70m-full      -0.001148

[null] no PARC rows yet -- skipping null-referenced table. Run the PARC families to populate it.
[sweep 2026-08-29T16:54:57Z] collected -> results/
[sweep 2026-08-29T16:54:57Z] SWEEP COMPLETE | free=403GB
[sweep 2026-08-29T16:54:58Z] START | gpu=0 | HF_HOME=/local/scratch/sas245/brainalign-evals/hf_home | free=403GB
[sweep 2026-08-29T16:54:58Z] datasets: ds006239 ds003604 ds002236 | max_ckpt=12 | floor=150GB
[sweep 2026-08-29T16:54:58Z] === ds006239 | tasks: Orth Phon Sem SemLocal  | sessions: ses-11 ses-11+ 
[sweep 2026-08-29T16:54:58Z]   run parc-pythia-seed0 on ds006239 (free=403GB)
[sweep 2026-08-29T16:57:17Z]   ok   parc-pythia-seed0/ds006239 rc=0 rows=88 free=402GB
[prune] nothing resident from this sweep's manifest
[sweep 2026-08-29T16:57:17Z]   run parc-pythia-seed1 on ds006239 (free=402GB)
[sweep 2026-08-29T16:59:30Z]   ok   parc-pythia-seed1/ds006239 rc=0 rows=88 free=402GB
[prune] nothing resident from this sweep's manifest
[sweep 2026-08-29T16:59:31Z]   run parc-pythia-seed2 on ds006239 (free=402GB)
[sweep 2026-08-29T17:01:50Z]   ok   parc-pythia-seed2/ds006239 rc=0 rows=88 free=403GB
[prune] nothing resident from this sweep's manifest
[sweep 2026-08-29T17:01:50Z]   run parc-mamba-seed0 on ds006239 (free=403GB)
[sweep 2026-08-29T17:04:25Z]   ok   parc-mamba-seed0/ds006239 rc=0 rows=88 free=402GB
[prune] nothing resident from this sweep's manifest
[sweep 2026-08-29T17:04:26Z]   run parc-mamba-seed1 on ds006239 (free=402GB)
[sweep 2026-08-29T17:06:57Z]   ok   parc-mamba-seed1/ds006239 rc=0 rows=88 free=403GB
[prune] nothing resident from this sweep's manifest
[sweep 2026-08-29T17:06:58Z]   run parc-mamba-seed2 on ds006239 (free=403GB)
[sweep 2026-08-29T17:09:18Z]   ok   parc-mamba-seed2/ds006239 rc=0 rows=88 free=402GB
[prune] nothing resident from this sweep's manifest
[sweep 2026-08-29T17:09:18Z]   run parc-rwkv-seed0 on ds006239 (free=402GB)
[sweep 2026-08-29T17:11:38Z]   ok   parc-rwkv-seed0/ds006239 rc=0 rows=88 free=403GB
[prune] nothing resident from this sweep's manifest
[sweep 2026-08-29T17:11:39Z]   run parc-rwkv-seed1 on ds006239 (free=403GB)
[sweep 2026-08-29T17:14:02Z]   ok   parc-rwkv-seed1/ds006239 rc=0 rows=88 free=402GB
[prune] nothing resident from this sweep's manifest
[sweep 2026-08-29T17:14:03Z]   run parc-rwkv-seed2 on ds006239 (free=402GB)
[sweep 2026-08-29T17:16:27Z]   ok   parc-rwkv-seed2/ds006239 rc=0 rows=88 free=402GB
[prune] nothing resident from this sweep's manifest
[sweep 2026-08-29T17:16:27Z] === ds006239 done
[sweep 2026-08-29T17:16:27Z] === ds003604 | tasks: Gram Phon Plaus Sem  | sessions: ses-5 ses-7 ses-9 
[sweep 2026-08-29T17:16:27Z]   run parc-pythia-seed0 on ds003604 (free=402GB)
[sweep 2026-08-29T17:18:19Z]   ok   parc-pythia-seed0/ds003604 rc=0 rows=132 free=402GB
[prune] nothing resident from this sweep's manifest
[sweep 2026-08-29T17:18:19Z]   run parc-pythia-seed1 on ds003604 (free=402GB)
[sweep 2026-08-29T17:20:06Z]   ok   parc-pythia-seed1/ds003604 rc=0 rows=132 free=402GB
[prune] nothing resident from this sweep's manifest
[sweep 2026-08-29T17:20:06Z]   run parc-pythia-seed2 on ds003604 (free=402GB)
[sweep 2026-08-29T17:21:52Z]   ok   parc-pythia-seed2/ds003604 rc=0 rows=132 free=402GB
[prune] nothing resident from this sweep's manifest
[sweep 2026-08-29T17:21:52Z]   run parc-mamba-seed0 on ds003604 (free=402GB)
[sweep 2026-08-29T17:23:53Z]   ok   parc-mamba-seed0/ds003604 rc=0 rows=132 free=402GB
[prune] nothing resident from this sweep's manifest
[sweep 2026-08-29T17:23:54Z]   run parc-mamba-seed1 on ds003604 (free=402GB)
[sweep 2026-08-29T17:25:57Z]   ok   parc-mamba-seed1/ds003604 rc=0 rows=132 free=402GB
[prune] nothing resident from this sweep's manifest
[sweep 2026-08-29T17:25:57Z]   run parc-mamba-seed2 on ds003604 (free=402GB)
[sweep 2026-08-29T17:27:54Z]   ok   parc-mamba-seed2/ds003604 rc=0 rows=132 free=402GB
[prune] nothing resident from this sweep's manifest
[sweep 2026-08-29T17:27:54Z]   run parc-rwkv-seed0 on ds003604 (free=402GB)
[sweep 2026-08-29T17:29:52Z]   ok   parc-rwkv-seed0/ds003604 rc=0 rows=132 free=402GB
[prune] nothing resident from this sweep's manifest
[sweep 2026-08-29T17:29:53Z]   run parc-rwkv-seed1 on ds003604 (free=402GB)
[sweep 2026-08-29T17:31:47Z]   ok   parc-rwkv-seed1/ds003604 rc=0 rows=132 free=402GB
[prune] nothing resident from this sweep's manifest
[sweep 2026-08-29T17:31:47Z]   run parc-rwkv-seed2 on ds003604 (free=402GB)
[sweep 2026-08-29T17:33:38Z]   ok   parc-rwkv-seed2/ds003604 rc=0 rows=132 free=402GB
[prune] nothing resident from this sweep's manifest
[sweep 2026-08-29T17:33:39Z] === ds003604 done
[sweep 2026-08-29T17:33:39Z] === ds002236 | tasks: Phon Sem  | sessions: ses-11 ses-11+ ses-9 
[sweep 2026-08-29T17:33:39Z]   run parc-pythia-seed0 on ds002236 (free=402GB)
[sweep 2026-08-29T17:35:24Z]   ok   parc-pythia-seed0/ds002236 rc=0 rows=66 free=402GB
[prune] nothing resident from this sweep's manifest
[sweep 2026-08-29T17:35:25Z]   run parc-pythia-seed1 on ds002236 (free=402GB)
[sweep 2026-08-29T17:37:03Z]   ok   parc-pythia-seed1/ds002236 rc=0 rows=66 free=402GB
[prune] nothing resident from this sweep's manifest
[sweep 2026-08-29T17:37:03Z]   run parc-pythia-seed2 on ds002236 (free=402GB)
[sweep 2026-08-29T17:38:42Z]   ok   parc-pythia-seed2/ds002236 rc=0 rows=66 free=402GB
[prune] nothing resident from this sweep's manifest
[sweep 2026-08-29T17:38:42Z]   run parc-mamba-seed0 on ds002236 (free=402GB)
[sweep 2026-08-29T17:40:30Z]   ok   parc-mamba-seed0/ds002236 rc=0 rows=66 free=402GB
[prune] nothing resident from this sweep's manifest
[sweep 2026-08-29T17:40:31Z]   run parc-mamba-seed1 on ds002236 (free=402GB)
[sweep 2026-08-29T17:42:28Z]   ok   parc-mamba-seed1/ds002236 rc=0 rows=66 free=402GB
[prune] nothing resident from this sweep's manifest
[sweep 2026-08-29T17:42:28Z]   run parc-mamba-seed2 on ds002236 (free=402GB)
[sweep 2026-08-29T17:44:18Z]   ok   parc-mamba-seed2/ds002236 rc=0 rows=66 free=402GB
[prune] nothing resident from this sweep's manifest
[sweep 2026-08-29T17:44:18Z]   run parc-rwkv-seed0 on ds002236 (free=402GB)
[sweep 2026-08-29T17:46:18Z]   ok   parc-rwkv-seed0/ds002236 rc=0 rows=66 free=402GB
[prune] nothing resident from this sweep's manifest
[sweep 2026-08-29T17:46:19Z]   run parc-rwkv-seed1 on ds002236 (free=402GB)
[sweep 2026-08-29T17:48:05Z]   ok   parc-rwkv-seed1/ds002236 rc=0 rows=66 free=402GB
[prune] nothing resident from this sweep's manifest
[sweep 2026-08-29T17:48:05Z]   run parc-rwkv-seed2 on ds002236 (free=402GB)
[sweep 2026-08-29T17:49:50Z]   ok   parc-rwkv-seed2/ds002236 rc=0 rows=66 free=402GB
[prune] nothing resident from this sweep's manifest
[sweep 2026-08-29T17:49:50Z] === ds002236 done
alignment_rows.csv: 4004 rows, 14 families, 26 cells
scaling_curve.csv: 364 family x cell rows
scale_trend.csv:
 dataset  n_families  scale_trend_rho  scale_trend_p      best_family  best_rsa_mean
ds002236           5             -0.3       0.623838 pythia-160m-full       0.019643
ds003604           5             -0.1       0.872889   pythia-1b-full       0.001715
ds006239           5             -0.4       0.504632  pythia-70m-full      -0.001148

null_referenced.csv: 130 family x cell rows against 9 noise seeds
          family  n_cells    mean_z    max_z  cells_beating_null
pythia-410m-full       26  0.208896 2.874108                   4
  pythia-1b-full       26 -0.178407 2.080298                   2
 pythia-70m-full       26 -0.206502 2.317705                   3
pythia-160m-full       26 -0.804713 1.066111                   0
pythia-1.4b-full       26 -1.352349 1.425381                   0

[null] per-cell means, real families vs noise seeds: r = +0.8630 (p = 1.41e-08, n = 26 cells)
       (published ds003604 value was r = +0.987 -- if this reproduces, the structure belongs to the cell, not the model)
[sweep 2026-08-29T17:49:52Z] collected -> results/
[sweep 2026-08-29T17:49:52Z] SWEEP COMPLETE | free=402GB
[sweep 2026-08-29T17:49:53Z] START | gpu=0 | HF_HOME=/local/scratch/sas245/brainalign-evals/hf_home | free=402GB
[sweep 2026-08-29T17:49:53Z] datasets: ds006239 ds003604 ds002236 | max_ckpt=12 | floor=150GB
[sweep 2026-08-29T17:49:53Z] === ds006239 | tasks: Orth Phon Sem SemLocal  | sessions: ses-11 ses-11+ 
[sweep 2026-08-29T17:49:53Z]   run polypythia-70m-seed1 on ds006239 (free=402GB)
[sweep 2026-08-29T17:51:29Z]   ok   polypythia-70m-seed1/ds006239 rc=0 rows=88 free=402GB
[prune] nothing resident from this sweep's manifest
[sweep 2026-08-29T17:51:29Z]   run polypythia-70m-seed2 on ds006239 (free=402GB)
[sweep 2026-08-29T17:53:08Z]   ok   polypythia-70m-seed2/ds006239 rc=0 rows=88 free=402GB
[prune] nothing resident from this sweep's manifest
[sweep 2026-08-29T17:53:08Z]   run polypythia-70m-seed3 on ds006239 (free=402GB)
[sweep 2026-08-29T17:54:52Z]   ok   polypythia-70m-seed3/ds006239 rc=0 rows=88 free=402GB
[prune] nothing resident from this sweep's manifest
[sweep 2026-08-29T17:54:52Z]   run polypythia-160m-seed1 on ds006239 (free=402GB)
[sweep 2026-08-29T17:56:37Z]   ok   polypythia-160m-seed1/ds006239 rc=0 rows=88 free=402GB
[prune] nothing resident from this sweep's manifest
[sweep 2026-08-29T17:56:37Z]   run polypythia-160m-seed2 on ds006239 (free=402GB)
[sweep 2026-08-29T17:58:23Z]   ok   polypythia-160m-seed2/ds006239 rc=0 rows=88 free=402GB
[prune] nothing resident from this sweep's manifest
[sweep 2026-08-29T17:58:23Z]   run polypythia-160m-seed3 on ds006239 (free=402GB)
[sweep 2026-08-29T18:00:09Z]   ok   polypythia-160m-seed3/ds006239 rc=0 rows=88 free=401GB
[prune] nothing resident from this sweep's manifest
[sweep 2026-08-29T18:00:10Z]   run polypythia-410m-seed1 on ds006239 (free=401GB)
[sweep 2026-08-29T18:02:28Z]   ok   polypythia-410m-seed1/ds006239 rc=0 rows=88 free=401GB
[prune] nothing resident from this sweep's manifest
[sweep 2026-08-29T18:02:28Z]   run polypythia-410m-seed2 on ds006239 (free=401GB)
[sweep 2026-08-29T18:05:07Z]   ok   polypythia-410m-seed2/ds006239 rc=0 rows=88 free=400GB
[prune] nothing resident from this sweep's manifest
[sweep 2026-08-29T18:05:08Z]   run polypythia-410m-seed3 on ds006239 (free=400GB)
[sweep 2026-08-29T18:07:30Z]   ok   polypythia-410m-seed3/ds006239 rc=0 rows=88 free=398GB
[prune] nothing resident from this sweep's manifest
[sweep 2026-08-29T18:07:31Z] === ds006239 done
[sweep 2026-08-29T18:07:31Z] === ds003604 | tasks: Gram Phon Plaus Sem  | sessions: ses-5 ses-7 ses-9 
[sweep 2026-08-29T18:07:31Z]   run polypythia-70m-seed1 on ds003604 (free=398GB)
[sweep 2026-08-29T18:08:49Z]   ok   polypythia-70m-seed1/ds003604 rc=0 rows=132 free=399GB
[prune] nothing resident from this sweep's manifest
[sweep 2026-08-29T18:08:50Z]   run polypythia-70m-seed2 on ds003604 (free=399GB)
[sweep 2026-08-29T18:09:58Z]   ok   polypythia-70m-seed2/ds003604 rc=0 rows=132 free=399GB
[prune] nothing resident from this sweep's manifest
[sweep 2026-08-29T18:09:58Z]   run polypythia-70m-seed3 on ds003604 (free=399GB)
[sweep 2026-08-29T18:11:09Z]   ok   polypythia-70m-seed3/ds003604 rc=0 rows=132 free=399GB
[prune] nothing resident from this sweep's manifest
[sweep 2026-08-29T18:11:09Z]   run polypythia-160m-seed1 on ds003604 (free=399GB)
[sweep 2026-08-29T18:12:37Z]   ok   polypythia-160m-seed1/ds003604 rc=0 rows=132 free=399GB
[prune] nothing resident from this sweep's manifest
[sweep 2026-08-29T18:12:37Z]   run polypythia-160m-seed2 on ds003604 (free=399GB)
[sweep 2026-08-29T18:14:15Z]   ok   polypythia-160m-seed2/ds003604 rc=0 rows=132 free=399GB
[prune] nothing resident from this sweep's manifest
[sweep 2026-08-29T18:14:15Z]   run polypythia-160m-seed3 on ds003604 (free=399GB)
[sweep 2026-08-29T18:15:57Z]   ok   polypythia-160m-seed3/ds003604 rc=0 rows=132 free=399GB
[prune] nothing resident from this sweep's manifest
[sweep 2026-08-29T18:15:57Z]   run polypythia-410m-seed1 on ds003604 (free=399GB)
[sweep 2026-08-29T18:17:43Z]   ok   polypythia-410m-seed1/ds003604 rc=0 rows=132 free=399GB
[prune] nothing resident from this sweep's manifest
[sweep 2026-08-29T18:17:43Z]   run polypythia-410m-seed2 on ds003604 (free=399GB)
[sweep 2026-08-29T18:19:38Z]   ok   polypythia-410m-seed2/ds003604 rc=0 rows=132 free=399GB
[prune] nothing resident from this sweep's manifest
[sweep 2026-08-29T18:19:38Z]   run polypythia-410m-seed3 on ds003604 (free=399GB)
[sweep 2026-08-29T18:21:25Z]   ok   polypythia-410m-seed3/ds003604 rc=0 rows=132 free=399GB
[prune] nothing resident from this sweep's manifest
[sweep 2026-08-29T18:21:25Z] === ds003604 done
[sweep 2026-08-29T18:21:25Z] === ds002236 | tasks: Phon Sem  | sessions: ses-11 ses-11+ ses-9 
[sweep 2026-08-29T18:21:25Z]   run polypythia-70m-seed1 on ds002236 (free=399GB)
[sweep 2026-08-29T18:22:30Z]   ok   polypythia-70m-seed1/ds002236 rc=0 rows=66 free=399GB
[prune] nothing resident from this sweep's manifest
[sweep 2026-08-29T18:22:30Z]   run polypythia-70m-seed2 on ds002236 (free=399GB)
[sweep 2026-08-29T18:23:36Z]   ok   polypythia-70m-seed2/ds002236 rc=0 rows=66 free=399GB
[prune] nothing resident from this sweep's manifest
[sweep 2026-08-29T18:23:36Z]   run polypythia-70m-seed3 on ds002236 (free=399GB)
[sweep 2026-08-29T18:24:43Z]   ok   polypythia-70m-seed3/ds002236 rc=0 rows=66 free=399GB
[prune] nothing resident from this sweep's manifest
[sweep 2026-08-29T18:24:43Z]   run polypythia-160m-seed1 on ds002236 (free=399GB)
[sweep 2026-08-29T18:26:17Z]   ok   polypythia-160m-seed1/ds002236 rc=0 rows=66 free=399GB
[prune] nothing resident from this sweep's manifest
[sweep 2026-08-29T18:26:17Z]   run polypythia-160m-seed2 on ds002236 (free=399GB)
[sweep 2026-08-29T18:27:46Z]   ok   polypythia-160m-seed2/ds002236 rc=0 rows=66 free=399GB
[prune] nothing resident from this sweep's manifest
[sweep 2026-08-29T18:27:46Z]   run polypythia-160m-seed3 on ds002236 (free=399GB)
[sweep 2026-08-29T18:29:10Z]   ok   polypythia-160m-seed3/ds002236 rc=0 rows=66 free=399GB
[prune] nothing resident from this sweep's manifest
[sweep 2026-08-29T18:29:11Z]   run polypythia-410m-seed1 on ds002236 (free=399GB)
[sweep 2026-08-29T18:31:10Z]   ok   polypythia-410m-seed1/ds002236 rc=0 rows=66 free=398GB
[prune] nothing resident from this sweep's manifest
[sweep 2026-08-29T18:31:10Z]   run polypythia-410m-seed2 on ds002236 (free=399GB)
[sweep 2026-08-29T18:32:55Z]   ok   polypythia-410m-seed2/ds002236 rc=0 rows=66 free=398GB
[prune] nothing resident from this sweep's manifest
[sweep 2026-08-29T18:32:55Z]   run polypythia-410m-seed3 on ds002236 (free=398GB)
[sweep 2026-08-29T18:34:47Z]   ok   polypythia-410m-seed3/ds002236 rc=0 rows=66 free=399GB
[prune] nothing resident from this sweep's manifest
[sweep 2026-08-29T18:34:47Z] === ds002236 done
alignment_rows.csv: 6578 rows, 23 families, 26 cells
scaling_curve.csv: 598 family x cell rows
scale_trend.csv:
 dataset  n_families  scale_trend_rho  scale_trend_p      best_family  best_rsa_mean
ds002236           5             -0.3       0.623838 pythia-160m-full       0.019643
ds003604           5             -0.1       0.872889   pythia-1b-full       0.001715
ds006239           5             -0.4       0.504632  pythia-70m-full      -0.001148

null_referenced.csv: 364 family x cell rows against 9 noise seeds
               family  n_cells    mean_z    max_z  cells_beating_null
 polypythia-70m-seed1       26  0.767640 7.177257                   5
polypythia-160m-seed2       26  0.425568 6.928164                   3
 polypythia-70m-seed3       26  0.222326 2.975823                   7
     pythia-410m-full       26  0.208896 2.874108                   4
polypythia-160m-seed3       26  0.202867 4.137146                   3
polypythia-410m-seed1       26  0.118792 2.215629                   3
polypythia-160m-seed1       26  0.075669 2.442664                   3
polypythia-410m-seed2       26 -0.014192 3.186322                   5
       pythia-1b-full       26 -0.178407 2.080298                   2
      pythia-70m-full       26 -0.206502 2.317705                   3
polypythia-410m-seed3       26 -0.441193 1.715170                   0
 polypythia-70m-seed2       26 -0.454968 2.093091                   0
     pythia-160m-full       26 -0.804713 1.066111                   0
     pythia-1.4b-full       26 -1.352349 1.425381                   0

[null] per-cell means, real families vs noise seeds: r = +0.8965 (p = 5.81e-10, n = 26 cells)
       (published ds003604 value was r = +0.987 -- if this reproduces, the structure belongs to the cell, not the model)
[sweep 2026-08-29T18:34:49Z] collected -> results/
[sweep 2026-08-29T18:34:49Z] SWEEP COMPLETE | free=399GB
[sweep 2026-08-29T18:34:50Z] START | gpu=0 | HF_HOME=/local/scratch/sas245/brainalign-evals/hf_home | free=399GB
[sweep 2026-08-29T18:34:50Z] datasets: ds006239 ds003604 ds002236 | max_ckpt=12 | floor=150GB
[sweep 2026-08-29T18:34:50Z] === ds006239 | tasks: Orth Phon Sem SemLocal  | sessions: ses-11 ses-11+ 
[sweep 2026-08-29T18:34:50Z]   run babylm-gpt2-3 on ds006239 (free=399GB)
[sweep 2026-08-29T18:36:16Z]   ok   babylm-gpt2-3/ds006239 rc=0 rows=72 free=399GB
[prune] nothing resident from this sweep's manifest
[sweep 2026-08-29T18:36:16Z]   run babylm-gpt2-5 on ds006239 (free=399GB)
[sweep 2026-08-29T18:37:43Z]   ok   babylm-gpt2-5/ds006239 rc=0 rows=72 free=399GB
[prune] nothing resident from this sweep's manifest
[sweep 2026-08-29T18:37:43Z]   run babylm-gpt2-7 on ds006239 (free=399GB)
[sweep 2026-08-29T18:39:06Z]   ok   babylm-gpt2-7/ds006239 rc=0 rows=72 free=399GB
[prune] nothing resident from this sweep's manifest
[sweep 2026-08-29T18:39:07Z]   run babylm-gpt2 on ds006239 (free=399GB)
[sweep 2026-08-29T18:40:29Z]   ok   babylm-gpt2/ds006239 rc=0 rows=72 free=399GB
[prune] nothing resident from this sweep's manifest
[sweep 2026-08-29T18:40:30Z] === ds006239 done
[sweep 2026-08-29T18:40:30Z] === ds003604 | tasks: Gram Phon Plaus Sem  | sessions: ses-5 ses-7 ses-9 
[sweep 2026-08-29T18:40:30Z]   run babylm-gpt2-3 on ds003604 (free=399GB)
[sweep 2026-08-29T18:41:28Z]   ok   babylm-gpt2-3/ds003604 rc=0 rows=108 free=402GB
[prune] nothing resident from this sweep's manifest
[sweep 2026-08-29T18:41:29Z]   run babylm-gpt2-5 on ds003604 (free=402GB)
[sweep 2026-08-29T18:42:28Z]   ok   babylm-gpt2-5/ds003604 rc=0 rows=108 free=402GB
[prune] nothing resident from this sweep's manifest
[sweep 2026-08-29T18:42:28Z]   run babylm-gpt2-7 on ds003604 (free=402GB)
[sweep 2026-08-29T18:43:27Z]   ok   babylm-gpt2-7/ds003604 rc=0 rows=108 free=402GB
[prune] nothing resident from this sweep's manifest
[sweep 2026-08-29T18:43:27Z]   run babylm-gpt2 on ds003604 (free=402GB)
[sweep 2026-08-29T18:44:34Z]   ok   babylm-gpt2/ds003604 rc=0 rows=108 free=402GB
[prune] nothing resident from this sweep's manifest
[sweep 2026-08-29T18:44:34Z] === ds003604 done
[sweep 2026-08-29T18:44:34Z] === ds002236 | tasks: Phon Sem  | sessions: ses-11 ses-11+ ses-9 
[sweep 2026-08-29T18:44:34Z]   run babylm-gpt2-3 on ds002236 (free=402GB)
[sweep 2026-08-29T18:45:32Z]   ok   babylm-gpt2-3/ds002236 rc=0 rows=54 free=402GB
[prune] nothing resident from this sweep's manifest
[sweep 2026-08-29T18:45:32Z]   run babylm-gpt2-5 on ds002236 (free=402GB)
[sweep 2026-08-29T18:46:33Z]   ok   babylm-gpt2-5/ds002236 rc=0 rows=54 free=402GB
[prune] nothing resident from this sweep's manifest
[sweep 2026-08-29T18:46:33Z]   run babylm-gpt2-7 on ds002236 (free=402GB)
[sweep 2026-08-29T18:47:31Z]   ok   babylm-gpt2-7/ds002236 rc=0 rows=54 free=402GB
[prune] nothing resident from this sweep's manifest
[sweep 2026-08-29T18:47:31Z]   run babylm-gpt2 on ds002236 (free=402GB)
[sweep 2026-08-29T18:48:31Z]   ok   babylm-gpt2/ds002236 rc=0 rows=54 free=402GB
[prune] nothing resident from this sweep's manifest
[sweep 2026-08-29T18:48:31Z] === ds002236 done
alignment_rows.csv: 7514 rows, 27 families, 26 cells
scaling_curve.csv: 702 family x cell rows
scale_trend.csv:
 dataset  n_families  scale_trend_rho  scale_trend_p best_family  best_rsa_mean
ds002236           9        -0.452602       0.221217 babylm-gpt2       0.032459
ds003604           9        -0.487417       0.183219 babylm-gpt2       0.003343
ds006239           9         0.026112       0.946836 babylm-gpt2       0.001176

null_referenced.csv: 468 family x cell rows against 9 noise seeds
               family  n_cells    mean_z    max_z  cells_beating_null
          babylm-gpt2       26  1.005119 5.722833                   9
 polypythia-70m-seed1       26  0.767640 7.177257                   5
polypythia-160m-seed2       26  0.425568 6.928164                   3
 polypythia-70m-seed3       26  0.222326 2.975823                   7
     pythia-410m-full       26  0.208896 2.874108                   4
polypythia-160m-seed3       26  0.202867 4.137146                   3
polypythia-410m-seed1       26  0.118792 2.215629                   3
polypythia-160m-seed1       26  0.075669 2.442664                   3
polypythia-410m-seed2       26 -0.014192 3.186322                   5
       pythia-1b-full       26 -0.178407 2.080298                   2
      pythia-70m-full       26 -0.206502 2.317705                   3
polypythia-410m-seed3       26 -0.441193 1.715170                   0
 polypythia-70m-seed2       26 -0.454968 2.093091                   0
        babylm-gpt2-7       26 -0.675260 3.456741                   6
        babylm-gpt2-5       26 -0.777473 2.911366                   6
        babylm-gpt2-3       26 -0.801664 2.829941                   7
     pythia-160m-full       26 -0.804713 1.066111                   0
     pythia-1.4b-full       26 -1.352349 1.425381                   0

[null] per-cell means, real families vs noise seeds: r = +0.9032 (p = 2.72e-10, n = 26 cells)
       (published ds003604 value was r = +0.987 -- if this reproduces, the structure belongs to the cell, not the model)
[sweep 2026-08-29T18:48:32Z] collected -> results/
[sweep 2026-08-29T18:48:32Z] SWEEP COMPLETE | free=402GB
[sweep 2026-08-29T18:48:34Z] START | gpu=0 | HF_HOME=/local/scratch/sas245/brainalign-evals/hf_home | free=402GB
[sweep 2026-08-29T18:48:34Z] datasets: ds006239 ds003604 ds002236 | max_ckpt=12 | floor=150GB
[sweep 2026-08-29T18:48:34Z] === ds006239 | tasks: Orth Phon Sem SemLocal  | sessions: ses-11 ses-11+ 
[sweep 2026-08-29T18:48:34Z]   run pythia-2.8b-full on ds006239 (free=402GB)
[sweep 2026-08-29T18:53:22Z]   ok   pythia-2.8b-full/ds006239 rc=0 rows=32 free=397GB
[prune] nothing resident from this sweep's manifest
[sweep 2026-08-29T18:53:22Z]   run pythia-6.9b-full on ds006239 (free=397GB)
[sweep 2026-08-29T19:00:46Z]   ok   pythia-6.9b-full/ds006239 rc=0 rows=8 free=274GB
[prune] /local/scratch/sas245/brainalign-evals/pipeline/.cache/huggingface: freed 138.5G across 10 revisions (all named in the manifest)
[sweep 2026-08-29T19:01:10Z] === ds006239 done
[sweep 2026-08-29T19:01:10Z] === ds003604 | tasks: Gram Phon Plaus Sem  | sessions: ses-5 ses-7 ses-9 
[sweep 2026-08-29T19:01:10Z]   run pythia-2.8b-full on ds003604 (free=374GB)
[sweep 2026-08-29T19:05:25Z]   ok   pythia-2.8b-full/ds003604 rc=0 rows=48 free=397GB
[prune] nothing resident from this sweep's manifest
[sweep 2026-08-29T19:05:25Z]   run pythia-6.9b-full on ds003604 (free=397GB)
[sweep 2026-08-29T19:12:00Z]   ok   pythia-6.9b-full/ds003604 rc=0 rows=12 free=274GB
[prune] /local/scratch/sas245/brainalign-evals/pipeline/.cache/huggingface: freed 138.5G across 10 revisions (all named in the manifest)
[sweep 2026-08-29T19:12:25Z] === ds003604 done
[sweep 2026-08-29T19:12:25Z] === ds002236 | tasks: Phon Sem  | sessions: ses-11 ses-11+ ses-9 
[sweep 2026-08-29T19:12:25Z]   run pythia-2.8b-full on ds002236 (free=380GB)
[sweep 2026-08-29T19:16:59Z]   ok   pythia-2.8b-full/ds002236 rc=0 rows=24 free=402GB
[prune] nothing resident from this sweep's manifest
[sweep 2026-08-29T19:16:59Z]   run pythia-6.9b-full on ds002236 (free=402GB)
[sweep 2026-08-29T19:23:28Z]   ok   pythia-6.9b-full/ds002236 rc=0 rows=6 free=274GB
[prune] /local/scratch/sas245/brainalign-evals/pipeline/.cache/huggingface: freed 138.5G across 10 revisions (all named in the manifest)
[sweep 2026-08-29T19:23:52Z] === ds002236 done
alignment_rows.csv: 7644 rows, 29 families, 26 cells
scaling_curve.csv: 754 family x cell rows
scale_trend.csv:
 dataset  n_families  scale_trend_rho  scale_trend_p best_family  best_rsa_mean
ds002236           9        -0.452602       0.221217 babylm-gpt2       0.032459
ds003604           9        -0.487417       0.183219 babylm-gpt2       0.003343
ds006239           9         0.026112       0.946836 babylm-gpt2       0.001176

null_referenced.csv: 520 family x cell rows against 9 noise seeds
               family  n_cells    mean_z    max_z  cells_beating_null
     pythia-6.9b-full       26  1.413772 8.256781                  10
          babylm-gpt2       26  1.005119 5.722833                   9
 polypythia-70m-seed1       26  0.767640 7.177257                   5
polypythia-160m-seed2       26  0.425568 6.928164                   3
 polypythia-70m-seed3       26  0.222326 2.975823                   7
     pythia-410m-full       26  0.208896 2.874108                   4
polypythia-160m-seed3       26  0.202867 4.137146                   3
polypythia-410m-seed1       26  0.118792 2.215629                   3
polypythia-160m-seed1       26  0.075669 2.442664                   3
polypythia-410m-seed2       26 -0.014192 3.186322                   5
       pythia-1b-full       26 -0.178407 2.080298                   2
      pythia-70m-full       26 -0.206502 2.317705                   3
polypythia-410m-seed3       26 -0.441193 1.715170                   0
 polypythia-70m-seed2       26 -0.454968 2.093091                   0
     pythia-2.8b-full       26 -0.588109 8.041033                   4
        babylm-gpt2-7       26 -0.675260 3.456741                   6
        babylm-gpt2-5       26 -0.777473 2.911366                   6
        babylm-gpt2-3       26 -0.801664 2.829941                   7
     pythia-160m-full       26 -0.804713 1.066111                   0
     pythia-1.4b-full       26 -1.352349 1.425381                   0

[null] per-cell means, real families vs noise seeds: r = +0.8932 (p = 8.31e-10, n = 26 cells)
       (published ds003604 value was r = +0.987 -- if this reproduces, the structure belongs to the cell, not the model)
[sweep 2026-08-29T19:23:54Z] collected -> results/
[sweep 2026-08-29T19:23:54Z] SWEEP COMPLETE | free=402GB
[sweep 2026-08-29T19:23:55Z] START | gpu=0 | HF_HOME=/local/scratch/sas245/brainalign-evals/hf_home | free=402GB
[sweep 2026-08-29T19:23:55Z] datasets: ds006239 ds003604 ds002236 | max_ckpt=12 | floor=150GB
[sweep 2026-08-29T19:23:55Z] === ds006239 | tasks: Orth Phon Sem SemLocal  | sessions: ses-11 ses-11+ 
[sweep 2026-08-29T19:23:55Z]   run pythia-410m-full on ds006239 (free=402GB)
[sweep 2026-08-29T19:26:03Z]   ok   pythia-410m-full/ds006239 rc=0 rows=88 free=402GB
[prune] nothing resident from this sweep's manifest
[sweep 2026-08-29T19:26:03Z] === ds006239 done
[sweep 2026-08-29T19:26:03Z] === ds003604 | tasks: Gram Phon Plaus Sem  | sessions: ses-5 ses-7 ses-9 
[sweep 2026-08-29T19:26:04Z]   run pythia-410m-full on ds003604 (free=402GB)
[sweep 2026-08-29T19:28:04Z]   ok   pythia-410m-full/ds003604 rc=0 rows=132 free=402GB
[prune] nothing resident from this sweep's manifest
[sweep 2026-08-29T19:28:04Z] === ds003604 done
[sweep 2026-08-29T19:28:04Z] === ds002236 | tasks: Phon Sem  | sessions: ses-11 ses-11+ ses-9 
[sweep 2026-08-29T19:28:04Z]   run pythia-410m-full on ds002236 (free=402GB)
[sweep 2026-08-29T19:30:01Z]   ok   pythia-410m-full/ds002236 rc=0 rows=66 free=402GB
[prune] nothing resident from this sweep's manifest
[sweep 2026-08-29T19:30:01Z] === ds002236 done
alignment_rows.csv: 7644 rows, 29 families, 26 cells
scaling_curve.csv: 754 family x cell rows
scale_trend.csv:
 dataset  n_families  scale_trend_rho  scale_trend_p best_family  best_rsa_mean
ds002236           9        -0.452602       0.221217 babylm-gpt2       0.032459
ds003604           9        -0.487417       0.183219 babylm-gpt2       0.003343
ds006239           9         0.026112       0.946836 babylm-gpt2       0.001176

null_referenced.csv: 520 family x cell rows against 9 noise seeds
               family  n_cells    mean_z    max_z  cells_beating_null
     pythia-6.9b-full       26  1.413772 8.256781                  10
          babylm-gpt2       26  1.005119 5.722833                   9
 polypythia-70m-seed1       26  0.767640 7.177257                   5
polypythia-160m-seed2       26  0.425568 6.928164                   3
 polypythia-70m-seed3       26  0.222326 2.975823                   7
     pythia-410m-full       26  0.208896 2.874108                   4
polypythia-160m-seed3       26  0.202867 4.137146                   3
polypythia-410m-seed1       26  0.118792 2.215629                   3
polypythia-160m-seed1       26  0.075669 2.442664                   3
polypythia-410m-seed2       26 -0.014192 3.186322                   5
       pythia-1b-full       26 -0.178407 2.080298                   2
      pythia-70m-full       26 -0.206502 2.317705                   3
polypythia-410m-seed3       26 -0.441193 1.715170                   0
 polypythia-70m-seed2       26 -0.454968 2.093091                   0
     pythia-2.8b-full       26 -0.588109 8.041033                   4
        babylm-gpt2-7       26 -0.675260 3.456741                   6
        babylm-gpt2-5       26 -0.777473 2.911366                   6
        babylm-gpt2-3       26 -0.801664 2.829941                   7
     pythia-160m-full       26 -0.804713 1.066111                   0
     pythia-1.4b-full       26 -1.352349 1.425381                   0

[null] per-cell means, real families vs noise seeds: r = +0.8932 (p = 8.31e-10, n = 26 cells)
       (published ds003604 value was r = +0.987 -- if this reproduces, the structure belongs to the cell, not the model)
[sweep 2026-08-29T19:30:02Z] collected -> results/
[sweep 2026-08-29T19:30:02Z] SWEEP COMPLETE | free=402GB
[sweep 2026-08-29T19:55:15Z] START | gpu=1 | HF_HOME=/local/scratch/sas245/brainalign-evals/hf_home | free=402GB
[sweep 2026-08-29T19:55:15Z] datasets: ds006239 ds003604 ds002236 | max_ckpt=12 | floor=150GB
[sweep 2026-08-29T19:55:15Z] === ds006239 | tasks: Orth Phon Sem SemLocal  | sessions: ses-11 ses-11+ 
[sweep 2026-08-29T19:55:15Z]   run pythia-410m-full on ds006239 (free=402GB)
[sweep 2026-08-29T19:57:41Z]   ok   pythia-410m-full/ds006239 rc=0 rows=88 free=400GB
[prune] nothing resident from this sweep's manifest
[sweep 2026-08-29T19:57:42Z] === ds006239 done
[sweep 2026-08-29T19:57:42Z] === ds003604 | tasks: Gram Phon Plaus Sem  | sessions: ses-5 ses-7 ses-9 
[sweep 2026-08-29T19:57:42Z]   run pythia-410m-full on ds003604 (free=400GB)
[sweep 2026-08-29T20:00:13Z]   ok   pythia-410m-full/ds003604 rc=0 rows=132 free=400GB
[prune] nothing resident from this sweep's manifest
[sweep 2026-08-29T20:00:14Z] === ds003604 done
[sweep 2026-08-29T20:00:14Z] === ds002236 | tasks: Phon Sem  | sessions: ses-11 ses-11+ ses-9 
[sweep 2026-08-29T20:00:14Z]   run pythia-410m-full on ds002236 (free=400GB)
[sweep 2026-08-29T20:02:45Z]   ok   pythia-410m-full/ds002236 rc=0 rows=66 free=400GB
[prune] nothing resident from this sweep's manifest
[sweep 2026-08-29T20:02:45Z] === ds002236 done
alignment_rows.csv: 7644 rows, 29 families, 26 cells
scaling_curve.csv: 754 family x cell rows
scale_trend.csv:
 dataset  n_families  scale_trend_rho  scale_trend_p best_family  best_rsa_mean
ds002236           9        -0.452602       0.221217 babylm-gpt2       0.032459
ds003604           9        -0.487417       0.183219 babylm-gpt2       0.003343
ds006239           9         0.026112       0.946836 babylm-gpt2       0.001176

null_referenced.csv: 520 family x cell rows against 9 noise seeds
               family  n_cells    mean_z    max_z  cells_beating_null
     pythia-6.9b-full       26  1.413772 8.256781                  10
          babylm-gpt2       26  1.005119 5.722833                   9
 polypythia-70m-seed1       26  0.767640 7.177257                   5
polypythia-160m-seed2       26  0.425568 6.928164                   3
 polypythia-70m-seed3       26  0.222326 2.975823                   7
     pythia-410m-full       26  0.208896 2.874108                   4
polypythia-160m-seed3       26  0.202867 4.137146                   3
polypythia-410m-seed1       26  0.118792 2.215629                   3
polypythia-160m-seed1       26  0.075669 2.442664                   3
polypythia-410m-seed2       26 -0.014192 3.186322                   5
       pythia-1b-full       26 -0.178407 2.080298                   2
      pythia-70m-full       26 -0.206502 2.317705                   3
polypythia-410m-seed3       26 -0.441193 1.715170                   0
 polypythia-70m-seed2       26 -0.454968 2.093091                   0
     pythia-2.8b-full       26 -0.588109 8.041033                   4
        babylm-gpt2-7       26 -0.675260 3.456741                   6
        babylm-gpt2-5       26 -0.777473 2.911366                   6
        babylm-gpt2-3       26 -0.801664 2.829941                   7
     pythia-160m-full       26 -0.804713 1.066111                   0
     pythia-1.4b-full       26 -1.352349 1.425381                   0

[null] per-cell means, real families vs noise seeds: r = +0.8932 (p = 8.31e-10, n = 26 cells)
       (published ds003604 value was r = +0.987 -- if this reproduces, the structure belongs to the cell, not the model)
[sweep 2026-08-29T20:02:46Z] collected -> results/
[sweep 2026-08-29T20:02:46Z] SWEEP COMPLETE | free=402GB
[sweep 2026-08-29T20:02:46Z] START | gpu=1 | HF_HOME=/local/scratch/sas245/brainalign-evals/hf_home | free=402GB
[sweep 2026-08-29T20:02:46Z] datasets: ds006239 ds003604 ds002236 | max_ckpt=12 | floor=150GB
[sweep 2026-08-29T20:02:47Z] === ds006239 | tasks: Orth Phon Sem SemLocal  | sessions: ses-11 ses-11+ 
[sweep 2026-08-29T20:02:47Z]   run pythia-410m-full on ds006239 (free=402GB)
[sweep 2026-08-29T20:05:45Z]   ok   pythia-410m-full/ds006239 rc=0 rows=88 free=400GB
[prune] nothing resident from this sweep's manifest
[sweep 2026-08-29T20:05:46Z] === ds006239 done
[sweep 2026-08-29T20:05:46Z] === ds003604 | tasks: Gram Phon Plaus Sem  | sessions: ses-5 ses-7 ses-9 
[sweep 2026-08-29T20:05:46Z]   run pythia-410m-full on ds003604 (free=400GB)
[sweep 2026-08-29T20:08:37Z]   ok   pythia-410m-full/ds003604 rc=0 rows=132 free=402GB
[prune] nothing resident from this sweep's manifest
[sweep 2026-08-29T20:08:37Z] === ds003604 done
[sweep 2026-08-29T20:08:37Z] === ds002236 | tasks: Phon Sem  | sessions: ses-11 ses-11+ ses-9 
[sweep 2026-08-29T20:08:37Z]   run pythia-410m-full on ds002236 (free=402GB)
[sweep 2026-08-29T20:11:27Z]   ok   pythia-410m-full/ds002236 rc=0 rows=66 free=402GB
[prune] nothing resident from this sweep's manifest
[sweep 2026-08-29T20:11:27Z] === ds002236 done
alignment_rows.csv: 7644 rows, 29 families, 26 cells
scaling_curve.csv: 754 family x cell rows
scale_trend.csv:
 dataset  n_families  scale_trend_rho  scale_trend_p best_family  best_rsa_mean
ds002236           9        -0.452602       0.221217 babylm-gpt2       0.032459
ds003604           9        -0.487417       0.183219 babylm-gpt2       0.003343
ds006239           9         0.026112       0.946836 babylm-gpt2       0.001176

null_referenced.csv: 520 family x cell rows against 9 noise seeds
               family  n_cells    mean_z    max_z  cells_beating_null
     pythia-6.9b-full       26  1.413772 8.256781                  10
          babylm-gpt2       26  1.005119 5.722833                   9
 polypythia-70m-seed1       26  0.767640 7.177257                   5
polypythia-160m-seed2       26  0.425568 6.928164                   3
 polypythia-70m-seed3       26  0.222326 2.975823                   7
     pythia-410m-full       26  0.208896 2.874108                   4
polypythia-160m-seed3       26  0.202867 4.137146                   3
polypythia-410m-seed1       26  0.118792 2.215629                   3
polypythia-160m-seed1       26  0.075669 2.442664                   3
polypythia-410m-seed2       26 -0.014192 3.186322                   5
       pythia-1b-full       26 -0.178407 2.080298                   2
      pythia-70m-full       26 -0.206502 2.317705                   3
polypythia-410m-seed3       26 -0.441193 1.715170                   0
 polypythia-70m-seed2       26 -0.454968 2.093091                   0
     pythia-2.8b-full       26 -0.588109 8.041033                   4
        babylm-gpt2-7       26 -0.675260 3.456741                   6
        babylm-gpt2-5       26 -0.777473 2.911366                   6
        babylm-gpt2-3       26 -0.801664 2.829941                   7
     pythia-160m-full       26 -0.804713 1.066111                   0
     pythia-1.4b-full       26 -1.352349 1.425381                   0

[null] per-cell means, real families vs noise seeds: r = +0.8932 (p = 8.31e-10, n = 26 cells)
       (published ds003604 value was r = +0.987 -- if this reproduces, the structure belongs to the cell, not the model)
[sweep 2026-08-29T20:11:29Z] collected -> results/
[sweep 2026-08-29T20:11:29Z] SWEEP COMPLETE | free=402GB
[sweep 2026-08-29T20:11:29Z] START | gpu=1 | HF_HOME=/local/scratch/sas245/brainalign-evals/hf_home | free=402GB
[sweep 2026-08-29T20:11:29Z] datasets: ds006239 ds003604 ds002236 | max_ckpt=12 | floor=150GB
[sweep 2026-08-29T20:11:29Z] === ds006239 | tasks: Orth Phon Sem SemLocal  | sessions: ses-11 ses-11+ 
[sweep 2026-08-29T20:11:29Z]   run pythia-410m-full on ds006239 (free=402GB)
[sweep 2026-08-29T20:13:53Z]   ok   pythia-410m-full/ds006239 rc=0 rows=88 free=400GB
[prune] nothing resident from this sweep's manifest
[sweep 2026-08-29T20:13:54Z] === ds006239 done
[sweep 2026-08-29T20:13:54Z] === ds003604 | tasks: Gram Phon Plaus Sem  | sessions: ses-5 ses-7 ses-9 
[sweep 2026-08-29T20:13:54Z]   run pythia-410m-full on ds003604 (free=400GB)
[sweep 2026-08-29T20:16:17Z]   ok   pythia-410m-full/ds003604 rc=0 rows=132 free=400GB
[prune] nothing resident from this sweep's manifest
[sweep 2026-08-29T20:16:17Z] === ds003604 done
[sweep 2026-08-29T20:16:17Z] === ds002236 | tasks: Phon Sem  | sessions: ses-11 ses-11+ ses-9 
[sweep 2026-08-29T20:16:17Z]   run pythia-410m-full on ds002236 (free=400GB)
[sweep 2026-08-29T20:18:41Z]   ok   pythia-410m-full/ds002236 rc=0 rows=66 free=400GB
[prune] nothing resident from this sweep's manifest
[sweep 2026-08-29T20:18:42Z] === ds002236 done
alignment_rows.csv: 7644 rows, 29 families, 26 cells
scaling_curve.csv: 754 family x cell rows
scale_trend.csv:
 dataset  n_families  scale_trend_rho  scale_trend_p best_family  best_rsa_mean
ds002236           9        -0.452602       0.221217 babylm-gpt2       0.032459
ds003604           9        -0.487417       0.183219 babylm-gpt2       0.003343
ds006239           9         0.026112       0.946836 babylm-gpt2       0.001176

null_referenced.csv: 520 family x cell rows against 9 noise seeds
               family  n_cells    mean_z    max_z  cells_beating_null
     pythia-6.9b-full       26  1.413772 8.256781                  10
          babylm-gpt2       26  1.005119 5.722833                   9
 polypythia-70m-seed1       26  0.767640 7.177257                   5
polypythia-160m-seed2       26  0.425568 6.928164                   3
 polypythia-70m-seed3       26  0.222326 2.975823                   7
     pythia-410m-full       26  0.208896 2.874108                   4
polypythia-160m-seed3       26  0.202867 4.137146                   3
polypythia-410m-seed1       26  0.118792 2.215629                   3
polypythia-160m-seed1       26  0.075669 2.442664                   3
polypythia-410m-seed2       26 -0.014192 3.186322                   5
       pythia-1b-full       26 -0.178407 2.080298                   2
      pythia-70m-full       26 -0.206502 2.317705                   3
polypythia-410m-seed3       26 -0.441193 1.715170                   0
 polypythia-70m-seed2       26 -0.454968 2.093091                   0
     pythia-2.8b-full       26 -0.588109 8.041033                   4
        babylm-gpt2-7       26 -0.675260 3.456741                   6
        babylm-gpt2-5       26 -0.777473 2.911366                   6
        babylm-gpt2-3       26 -0.801664 2.829941                   7
     pythia-160m-full       26 -0.804713 1.066111                   0
     pythia-1.4b-full       26 -1.352349 1.425381                   0

[null] per-cell means, real families vs noise seeds: r = +0.8932 (p = 8.31e-10, n = 26 cells)
       (published ds003604 value was r = +0.987 -- if this reproduces, the structure belongs to the cell, not the model)
[sweep 2026-08-29T20:18:43Z] collected -> results/
[sweep 2026-08-29T20:18:43Z] SWEEP COMPLETE | free=402GB
[sweep 2026-08-29T20:18:43Z] START | gpu=2 | HF_HOME=/local/scratch/sas245/brainalign-evals/hf_home | free=402GB
[sweep 2026-08-29T20:18:43Z] datasets: ds006239 ds003604 ds002236 | max_ckpt=12 | floor=150GB
[sweep 2026-08-29T20:18:43Z] === ds006239 | tasks: Orth Phon Sem SemLocal  | sessions: ses-11 ses-11+ 
[sweep 2026-08-29T20:18:43Z]   run pythia-410m-full on ds006239 (free=402GB)
[sweep 2026-08-29T20:21:09Z]   ok   pythia-410m-full/ds006239 rc=0 rows=88 free=400GB
[prune] nothing resident from this sweep's manifest
[sweep 2026-08-29T20:21:09Z] === ds006239 done
[sweep 2026-08-29T20:21:10Z] === ds003604 | tasks: Gram Phon Plaus Sem  | sessions: ses-5 ses-7 ses-9 
[sweep 2026-08-29T20:21:10Z]   run pythia-410m-full on ds003604 (free=400GB)
[sweep 2026-08-29T20:23:36Z]   ok   pythia-410m-full/ds003604 rc=0 rows=132 free=400GB
[prune] nothing resident from this sweep's manifest
[sweep 2026-08-29T20:23:36Z] === ds003604 done
[sweep 2026-08-29T20:23:36Z] === ds002236 | tasks: Phon Sem  | sessions: ses-11 ses-11+ ses-9 
[sweep 2026-08-29T20:23:36Z]   run pythia-410m-full on ds002236 (free=400GB)
[sweep 2026-08-29T20:26:05Z]   ok   pythia-410m-full/ds002236 rc=0 rows=66 free=400GB
[prune] nothing resident from this sweep's manifest
[sweep 2026-08-29T20:26:05Z] === ds002236 done
alignment_rows.csv: 7644 rows, 29 families, 26 cells
scaling_curve.csv: 754 family x cell rows
scale_trend.csv:
 dataset  n_families  scale_trend_rho  scale_trend_p best_family  best_rsa_mean
ds002236           9        -0.452602       0.221217 babylm-gpt2       0.032459
ds003604           9        -0.487417       0.183219 babylm-gpt2       0.003343
ds006239           9         0.026112       0.946836 babylm-gpt2       0.001176

null_referenced.csv: 520 family x cell rows against 9 noise seeds
               family  n_cells    mean_z    max_z  cells_beating_null
     pythia-6.9b-full       26  1.413772 8.256781                  10
          babylm-gpt2       26  1.005119 5.722833                   9
 polypythia-70m-seed1       26  0.767640 7.177257                   5
polypythia-160m-seed2       26  0.425568 6.928164                   3
 polypythia-70m-seed3       26  0.222326 2.975823                   7
     pythia-410m-full       26  0.208896 2.874108                   4
polypythia-160m-seed3       26  0.202867 4.137146                   3
polypythia-410m-seed1       26  0.118792 2.215629                   3
polypythia-160m-seed1       26  0.075669 2.442664                   3
polypythia-410m-seed2       26 -0.014192 3.186322                   5
       pythia-1b-full       26 -0.178407 2.080298                   2
      pythia-70m-full       26 -0.206502 2.317705                   3
polypythia-410m-seed3       26 -0.441193 1.715170                   0
 polypythia-70m-seed2       26 -0.454968 2.093091                   0
     pythia-2.8b-full       26 -0.588109 8.041033                   4
        babylm-gpt2-7       26 -0.675260 3.456741                   6
        babylm-gpt2-5       26 -0.777473 2.911366                   6
        babylm-gpt2-3       26 -0.801664 2.829941                   7
     pythia-160m-full       26 -0.804713 1.066111                   0
     pythia-1.4b-full       26 -1.352349 1.425381                   0

[null] per-cell means, real families vs noise seeds: r = +0.8932 (p = 8.31e-10, n = 26 cells)
       (published ds003604 value was r = +0.987 -- if this reproduces, the structure belongs to the cell, not the model)
[sweep 2026-08-29T20:26:07Z] collected -> results/
[sweep 2026-08-29T20:26:07Z] SWEEP COMPLETE | free=402GB
